#
# There is insufficient memory for the Java Runtime Environment to continue.
# Native memory allocation (mmap) failed to map 20971520 bytes. Error detail: G1 virtual space
# Possible reasons:
#   The system is out of physical RAM or swap space
#   This process is running with CompressedOops enabled, and the Java Heap may be blocking the growth of the native heap
# Possible solutions:
#   Reduce memory load on the system
#   Increase physical memory or swap space
#   Check if swap backing store is full
#   Decrease Java heap size (-Xmx/-Xms)
#   Decrease number of Java threads
#   Decrease Java thread stack sizes (-Xss)
#   Set larger code cache with -XX:ReservedCodeCacheSize=
#   JVM is running with Zero Based Compressed Oops mode in which the Java heap is
#     placed in the first 32GB address space. The Java Heap base address is the
#     maximum limit for the native heap growth. Please use -XX:HeapBaseMinAddress
#     to set the Java Heap base and to place the Java Heap above 32GB virtual address.
# This output file may be truncated or incomplete.
#
#  Out of Memory Error (os_windows.cpp:3713), pid=20116, tid=26244
#
# JRE version: OpenJDK Runtime Environment Temurin-21.0.9+10 (21.0.9+10) (build 21.0.9+10-LTS)
# Java VM: OpenJDK 64-Bit Server VM Temurin-21.0.9+10 (21.0.9+10-LTS, mixed mode, sharing, tiered, compressed oops, compressed class ptrs, g1 gc, windows-amd64)
# No core dump will be written. Minidumps are not enabled by default on client versions of Windows
#

---------------  S U M M A R Y ------------

Command Line: --add-opens=java.base/java.lang=ALL-UNNAMED --add-opens=java.base/java.lang.invoke=ALL-UNNAMED --add-opens=java.base/java.util=ALL-UNNAMED --add-opens=java.prefs/java.util.prefs=ALL-UNNAMED --add-exports=jdk.compiler/com.sun.tools.javac.api=ALL-UNNAMED --add-exports=jdk.compiler/com.sun.tools.javac.util=ALL-UNNAMED --add-opens=java.base/java.util=ALL-UNNAMED --add-opens=java.prefs/java.util.prefs=ALL-UNNAMED --add-opens=java.base/java.nio.charset=ALL-UNNAMED --add-opens=java.base/java.net=ALL-UNNAMED --add-opens=java.base/java.util.concurrent.atomic=ALL-UNNAMED --add-opens=java.xml/javax.xml.namespace=ALL-UNNAMED -XX:MaxMetaspaceSize=4G -XX:ReservedCodeCacheSize=512m -XX:+HeapDumpOnOutOfMemoryError -Xmx8G -Dfile.encoding=UTF-8 -Duser.country=US -Duser.language=en -Duser.variant -javaagent:C:\Users\Lenovo\.gradle\wrapper\dists\gradle-8.12-all\ejduaidbjup3bmmkhw3rie4zb\gradle-8.12\lib\agents\gradle-instrumentation-agent-8.12.jar org.gradle.launcher.daemon.bootstrap.GradleDaemon 8.12

Host: AMD Ryzen 5 7520U with Radeon Graphics         , 8 cores, 5G,  Windows 11 , 64 bit Build 26100 (10.0.26100.6725)
Time: Thu Nov 13 23:55:15 2025 SE Asia Standard Time elapsed time: 7.990557 seconds (0d 0h 0m 7s)

---------------  T H R E A D  ---------------

Current thread (0x000001e3ff820630):  VMThread "VM Thread"          [id=26244, stack(0x00000051f9400000,0x00000051f9500000) (1024K)]

Stack: [0x00000051f9400000,0x00000051f9500000]
Native frames: (J=compiled Java code, j=interpreted, Vv=VM code, C=native code)
V  [jvm.dll+0x6d6e29]
V  [jvm.dll+0x8b4b76]
V  [jvm.dll+0x8b712e]
V  [jvm.dll+0x8b7813]
V  [jvm.dll+0x283d86]
V  [jvm.dll+0x6d3745]
V  [jvm.dll+0x6c747a]
V  [jvm.dll+0x35e7e8]
V  [jvm.dll+0x366426]
V  [jvm.dll+0x3b73fe]
V  [jvm.dll+0x3b76a8]
V  [jvm.dll+0x3329ec]
V  [jvm.dll+0x332a77]
V  [jvm.dll+0x37684c]
V  [jvm.dll+0x374fee]
V  [jvm.dll+0x332131]
V  [jvm.dll+0x37465a]
V  [jvm.dll+0x8bd500]
V  [jvm.dll+0x8be8a4]
V  [jvm.dll+0x8bede0]
V  [jvm.dll+0x8bf083]
V  [jvm.dll+0x85e9ad]
V  [jvm.dll+0x6d565d]
C  [ucrtbase.dll+0x37b0]
C  [KERNEL32.DLL+0x2e8d7]
C  [ntdll.dll+0x8c53c]

VM_Operation (0x00000051fabf7500): G1CollectForAllocation, mode: safepoint, requested by thread 0x000001e3f1044860


---------------  P R O C E S S  ---------------

Threads class SMR info:
_java_thread_list=0x000001e4005cd3a0, length=39, elements={
0x000001e3f2497800, 0x000001e3ff83eea0, 0x000001e3ff83faa0, 0x000001e3ff843d90,
0x000001e3ff8447e0, 0x000001e3ff8462e0, 0x000001e3ff851c40, 0x000001e3ff853e30,
0x000001e3ff854600, 0x000001e3aa2300a0, 0x000001e3aa3b6c00, 0x000001e3aa40b900,
0x000001e3f0eb2a20, 0x000001e3f0c5a360, 0x000001e3f0f4f270, 0x000001e3f0f3d1e0,
0x000001e3f0f3a5c0, 0x000001e3f1043d60, 0x000001e3f1044860, 0x000001e3f1051bc0,
0x000001e3f1094410, 0x000001e3f10eedb0, 0x000001e3f10f0160, 0x000001e3f10ef440,
0x000001e3f10efad0, 0x000001e3f10f07f0, 0x000001e3f10f0e80, 0x000001e3f10f1510,
0x000001e3f10f1ba0, 0x000001e3f10ee720, 0x000001e3f13d4b00, 0x000001e3f13d6bd0,
0x000001e3f13d6540, 0x000001e3f13d5190, 0x000001e3f13d5820, 0x000001e3f13d5eb0,
0x000001e3f13d3de0, 0x000001e3f13d4470, 0x000001e3f14b8200
}

Java Threads: ( => current thread )
  0x000001e3f2497800 JavaThread "main"                              [_thread_blocked, id=904, stack(0x00000051f8d00000,0x00000051f8e00000) (1024K)]
  0x000001e3ff83eea0 JavaThread "Reference Handler"          daemon [_thread_blocked, id=21984, stack(0x00000051f9500000,0x00000051f9600000) (1024K)]
  0x000001e3ff83faa0 JavaThread "Finalizer"                  daemon [_thread_blocked, id=23872, stack(0x00000051f9600000,0x00000051f9700000) (1024K)]
  0x000001e3ff843d90 JavaThread "Signal Dispatcher"          daemon [_thread_blocked, id=16036, stack(0x00000051f9700000,0x00000051f9800000) (1024K)]
  0x000001e3ff8447e0 JavaThread "Attach Listener"            daemon [_thread_blocked, id=17272, stack(0x00000051f9800000,0x00000051f9900000) (1024K)]
  0x000001e3ff8462e0 JavaThread "Service Thread"             daemon [_thread_blocked, id=2704, stack(0x00000051f9900000,0x00000051f9a00000) (1024K)]
  0x000001e3ff851c40 JavaThread "Monitor Deflation Thread"   daemon [_thread_blocked, id=13340, stack(0x00000051f9a00000,0x00000051f9b00000) (1024K)]
  0x000001e3ff853e30 JavaThread "C2 CompilerThread0"         daemon [_thread_in_native, id=21828, stack(0x00000051f9b00000,0x00000051f9c00000) (1024K)]
  0x000001e3ff854600 JavaThread "C1 CompilerThread0"         daemon [_thread_blocked, id=15332, stack(0x00000051f9c00000,0x00000051f9d00000) (1024K)]
  0x000001e3aa2300a0 JavaThread "Common-Cleaner"             daemon [_thread_blocked, id=21560, stack(0x00000051f9d00000,0x00000051f9e00000) (1024K)]
  0x000001e3aa3b6c00 JavaThread "Notification Thread"        daemon [_thread_blocked, id=13636, stack(0x00000051f9e00000,0x00000051f9f00000) (1024K)]
  0x000001e3aa40b900 JavaThread "C2 CompilerThread1"         daemon [_thread_blocked, id=10408, stack(0x00000051f9f00000,0x00000051fa000000) (1024K)]
  0x000001e3f0eb2a20 JavaThread "Daemon health stats"               [_thread_blocked, id=13968, stack(0x00000051fa500000,0x00000051fa600000) (1024K)]
  0x000001e3f0c5a360 JavaThread "Incoming local TCP Connector on port 51486"        [_thread_in_native, id=15840, stack(0x00000051fa600000,0x00000051fa700000) (1024K)]
  0x000001e3f0f4f270 JavaThread "Daemon periodic checks"            [_thread_blocked, id=7000, stack(0x00000051fa700000,0x00000051fa800000) (1024K)]
  0x000001e3f0f3d1e0 JavaThread "Daemon"                            [_thread_blocked, id=2456, stack(0x00000051fa800000,0x00000051fa900000) (1024K)]
  0x000001e3f0f3a5c0 JavaThread "Handler for socket connection from /127.0.0.1:51486 to /127.0.0.1:51489"        [_thread_in_native, id=7700, stack(0x00000051fa900000,0x00000051faa00000) (1024K)]
  0x000001e3f1043d60 JavaThread "Cancel handler"                    [_thread_blocked, id=9572, stack(0x00000051faa00000,0x00000051fab00000) (1024K)]
  0x000001e3f1044860 JavaThread "Daemon worker"                     [_thread_blocked, id=2752, stack(0x00000051fab00000,0x00000051fac00000) (1024K)]
  0x000001e3f1051bc0 JavaThread "Asynchronous log dispatcher for DefaultDaemonConnection: socket connection from /127.0.0.1:51486 to /127.0.0.1:51489"        [_thread_blocked, id=11896, stack(0x00000051fac00000,0x00000051fad00000) (1024K)]
  0x000001e3f1094410 JavaThread "Stdin handler"                     [_thread_blocked, id=13416, stack(0x00000051fad00000,0x00000051fae00000) (1024K)]
  0x000001e3f10eedb0 JavaThread "Daemon client event forwarder"        [_thread_blocked, id=20256, stack(0x00000051fae00000,0x00000051faf00000) (1024K)]
  0x000001e3f10f0160 JavaThread "Cache worker for journal cache (C:\Users\Lenovo\.gradle\caches\journal-1)"        [_thread_blocked, id=11152, stack(0x00000051fb100000,0x00000051fb200000) (1024K)]
  0x000001e3f10ef440 JavaThread "File lock request listener"        [_thread_in_native, id=7620, stack(0x00000051fb200000,0x00000051fb300000) (1024K)]
  0x000001e3f10efad0 JavaThread "Cache worker for file hash cache (C:\Users\Lenovo\.gradle\caches\8.12\fileHashes)"        [_thread_blocked, id=17796, stack(0x00000051fb300000,0x00000051fb400000) (1024K)]
  0x000001e3f10f07f0 JavaThread "Cache worker for file hash cache (E:\uts_project2\profil_mahasiswa\android\.gradle\8.12\fileHashes)"        [_thread_blocked, id=15288, stack(0x00000051fb600000,0x00000051fb700000) (1024K)]
  0x000001e3f10f0e80 JavaThread "Cache worker for Build Output Cleanup Cache (E:\uts_project2\profil_mahasiswa\android\.gradle\buildOutputCleanup)"        [_thread_blocked, id=9108, stack(0x00000051fb700000,0x00000051fb800000) (1024K)]
  0x000001e3f10f1510 JavaThread "File watcher server"        daemon [_thread_in_native, id=19884, stack(0x00000051fb400000,0x00000051fb500000) (1024K)]
  0x000001e3f10f1ba0 JavaThread "File watcher consumer"      daemon [_thread_blocked, id=20056, stack(0x00000051fb800000,0x00000051fb900000) (1024K)]
  0x000001e3f10ee720 JavaThread "jar transforms"                    [_thread_blocked, id=4920, stack(0x00000051fb900000,0x00000051fba00000) (1024K)]
  0x000001e3f13d4b00 JavaThread "jar transforms Thread 2"           [_thread_blocked, id=8264, stack(0x00000051fba00000,0x00000051fbb00000) (1024K)]
  0x000001e3f13d6bd0 JavaThread "jar transforms Thread 3"           [_thread_blocked, id=18540, stack(0x00000051fbb00000,0x00000051fbc00000) (1024K)]
  0x000001e3f13d6540 JavaThread "jar transforms Thread 4"           [_thread_blocked, id=18384, stack(0x00000051fbc00000,0x00000051fbd00000) (1024K)]
  0x000001e3f13d5190 JavaThread "jar transforms Thread 5"           [_thread_blocked, id=13676, stack(0x00000051fbd00000,0x00000051fbe00000) (1024K)]
  0x000001e3f13d5820 JavaThread "Cache worker for checksums cache (E:\uts_project2\profil_mahasiswa\android\.gradle\8.12\checksums)"        [_thread_blocked, id=25468, stack(0x00000051fbe00000,0x00000051fbf00000) (1024K)]
  0x000001e3f13d5eb0 JavaThread "Cache worker for file content cache (C:\Users\Lenovo\.gradle\caches\8.12\fileContent)"        [_thread_blocked, id=21948, stack(0x00000051fbf00000,0x00000051fc000000) (1024K)]
  0x000001e3f13d3de0 JavaThread "jar transforms Thread 6"           [_thread_blocked, id=21388, stack(0x00000051fc000000,0x00000051fc100000) (1024K)]
  0x000001e3f13d4470 JavaThread "jar transforms Thread 7"           [_thread_blocked, id=25456, stack(0x00000051fc100000,0x00000051fc200000) (1024K)]
  0x000001e3f14b8200 JavaThread "jar transforms Thread 8"           [_thread_blocked, id=21996, stack(0x00000051fc200000,0x00000051fc300000) (1024K)]
Total: 39

Other Threads:
=>0x000001e3ff820630 VMThread "VM Thread"                           [id=26244, stack(0x00000051f9400000,0x00000051f9500000) (1024K)]
  0x000001e3ff810820 WatcherThread "VM Periodic Task Thread"        [id=21620, stack(0x00000051f9300000,0x00000051f9400000) (1024K)]
  0x000001e3f49a8470 WorkerThread "GC Thread#0"                     [id=26052, stack(0x00000051f8e00000,0x00000051f8f00000) (1024K)]
  0x000001e3aa386630 WorkerThread "GC Thread#1"                     [id=6220, stack(0x00000051fa000000,0x00000051fa100000) (1024K)]
  0x000001e3aa49bf10 WorkerThread "GC Thread#2"                     [id=796, stack(0x00000051fa100000,0x00000051fa200000) (1024K)]
  0x000001e3f0147490 WorkerThread "GC Thread#3"                     [id=21360, stack(0x00000051fa300000,0x00000051fa400000) (1024K)]
  0x000001e3f0659750 WorkerThread "GC Thread#4"                     [id=21112, stack(0x00000051fa400000,0x00000051fa500000) (1024K)]
  0x000001e3f0e0f680 WorkerThread "GC Thread#5"                     [id=6996, stack(0x00000051fa200000,0x00000051fa300000) (1024K)]
  0x000001e3f0fccf50 WorkerThread "GC Thread#6"                     [id=360, stack(0x00000051faf00000,0x00000051fb000000) (1024K)]
  0x000001e3f11e4080 WorkerThread "GC Thread#7"                     [id=16772, stack(0x00000051fb000000,0x00000051fb100000) (1024K)]
  0x000001e3f49b9360 ConcurrentGCThread "G1 Main Marker"            [id=10252, stack(0x00000051f8f00000,0x00000051f9000000) (1024K)]
  0x000001e3f49babf0 WorkerThread "G1 Conc#0"                       [id=17900, stack(0x00000051f9000000,0x00000051f9100000) (1024K)]
  0x000001e3f11e52a0 WorkerThread "G1 Conc#1"                       [id=16076, stack(0x00000051fb500000,0x00000051fb600000) (1024K)]
  0x000001e3ff6e0190 ConcurrentGCThread "G1 Refine#0"               [id=22780, stack(0x00000051f9100000,0x00000051f9200000) (1024K)]
  0x000001e3ff6e0c10 ConcurrentGCThread "G1 Service"                [id=21080, stack(0x00000051f9200000,0x00000051f9300000) (1024K)]
Total: 15

Threads with active compile tasks:
C2 CompilerThread0  8015 4744       4       jdk.internal.loader.URLClassPath$JarLoader$2::getInputStream (15 bytes)
Total: 1

VM state: at safepoint (normal execution)

VM Mutex/Monitor currently owned by a thread:  ([mutex/lock_event])
[0x00007ff8ece7d570] Threads_lock - owner thread: 0x000001e3ff820630
[0x00007ff8ece7d670] Heap_lock - owner thread: 0x000001e3f1044860

Heap address: 0x0000000600000000, size: 8192 MB, Compressed Oops mode: Zero based, Oop shift amount: 3

CDS archive(s) mapped at: [0x000001e3ab000000-0x000001e3abc80000-0x000001e3abc80000), size 13107200, SharedBaseAddress: 0x000001e3ab000000, ArchiveRelocationMode: 1.
Compressed class space mapped at: 0x000001e3ac000000-0x000001e3ec000000, reserved size: 1073741824
Narrow klass base: 0x000001e3ab000000, Narrow klass shift: 0, Narrow klass range: 0x100000000

GC Precious Log:
 CardTable entry size: 512
 Card Set container configuration: InlinePtr #cards 4 size 8 Array Of Cards #cards 32 size 80 Howl #buckets 8 coarsen threshold 7372 Howl Bitmap #cards 1024 size 144 coarsen threshold 921 Card regions per heap region 1 cards per card region 8192
 CPUs: 8 total, 8 available
 Memory: 5877M
 Large Page Support: Disabled
 NUMA Support: Disabled
 Compressed Oops: Enabled (Zero based)
 Heap Region Size: 4M
 Heap Min Capacity: 8M
 Heap Initial Capacity: 92M
 Heap Max Capacity: 8G
 Pre-touch: Disabled
 Parallel Workers: 8
 Concurrent Workers: 2
 Concurrent Refinement Workers: 8
 Periodic GC: Disabled

Heap:
 garbage-first heap   total 94208K, used 37624K [0x0000000600000000, 0x0000000800000000)
  region size 4096K, 2 young (8192K), 2 survivors (8192K)
 Metaspace       used 40601K, committed 41856K, reserved 1114112K
  class space    used 5600K, committed 6208K, reserved 1048576K

Heap Regions: E=young(eden), S=young(survivor), O=old, HS=humongous(starts), HC=humongous(continues), CS=collection set, F=free, TAMS=top-at-mark-start, PB=parsable bottom
|   0|0x0000000600000000, 0x0000000600400000, 0x0000000600400000|100%|HS|  |TAMS 0x0000000600000000| PB 0x0000000600000000| Complete 
|   1|0x0000000600400000, 0x0000000600800000, 0x0000000600800000|100%| O|  |TAMS 0x0000000600400000| PB 0x0000000600400000| Untracked 
|   2|0x0000000600800000, 0x0000000600c00000, 0x0000000600c00000|100%| O|  |TAMS 0x0000000600800000| PB 0x0000000600800000| Untracked 
|   3|0x0000000600c00000, 0x0000000601000000, 0x0000000601000000|100%| O|  |TAMS 0x0000000600c00000| PB 0x0000000600c00000| Untracked 
|   4|0x0000000601000000, 0x0000000601400000, 0x0000000601400000|100%| O|  |TAMS 0x0000000601000000| PB 0x0000000601000000| Untracked 
|   5|0x0000000601400000, 0x0000000601800000, 0x0000000601800000|100%| O|  |TAMS 0x0000000601400000| PB 0x0000000601400000| Untracked 
|   6|0x0000000601800000, 0x0000000601c00000, 0x0000000601c00000|100%| O|  |TAMS 0x0000000601800000| PB 0x0000000601800000| Untracked 
|   7|0x0000000601c00000, 0x0000000601f1c710, 0x0000000602000000| 77%| O|  |TAMS 0x0000000601c00000| PB 0x0000000601c00000| Untracked 
|   8|0x0000000602000000, 0x0000000602000000, 0x0000000602400000|  0%| F|  |TAMS 0x0000000602000000| PB 0x0000000602000000| Untracked 
|   9|0x0000000602400000, 0x0000000602400000, 0x0000000602800000|  0%| F|  |TAMS 0x0000000602400000| PB 0x0000000602400000| Untracked 
|  10|0x0000000602800000, 0x0000000602800000, 0x0000000602c00000|  0%| F|  |TAMS 0x0000000602800000| PB 0x0000000602800000| Untracked 
|  11|0x0000000602c00000, 0x0000000602da19d0, 0x0000000603000000| 40%| S|CS|TAMS 0x0000000602c00000| PB 0x0000000602c00000| Complete 
|  12|0x0000000603000000, 0x0000000603400000, 0x0000000603400000|100%| S|CS|TAMS 0x0000000603000000| PB 0x0000000603000000| Complete 
|  13|0x0000000603400000, 0x0000000603400000, 0x0000000603800000|  0%| F|  |TAMS 0x0000000603400000| PB 0x0000000603400000| Untracked 
|  14|0x0000000603800000, 0x0000000603800000, 0x0000000603c00000|  0%| F|  |TAMS 0x0000000603800000| PB 0x0000000603800000| Untracked 
|  15|0x0000000603c00000, 0x0000000603c00000, 0x0000000604000000|  0%| F|  |TAMS 0x0000000603c00000| PB 0x0000000603c00000| Untracked 
|  16|0x0000000604000000, 0x0000000604000000, 0x0000000604400000|  0%| F|  |TAMS 0x0000000604000000| PB 0x0000000604000000| Untracked 
|  17|0x0000000604400000, 0x0000000604400000, 0x0000000604800000|  0%| F|  |TAMS 0x0000000604400000| PB 0x0000000604400000| Untracked 
|  18|0x0000000604800000, 0x0000000604800000, 0x0000000604c00000|  0%| F|  |TAMS 0x0000000604800000| PB 0x0000000604800000| Untracked 
|  19|0x0000000604c00000, 0x0000000604c00000, 0x0000000605000000|  0%| F|  |TAMS 0x0000000604c00000| PB 0x0000000604c00000| Untracked 
|  20|0x0000000605000000, 0x0000000605000000, 0x0000000605400000|  0%| F|  |TAMS 0x0000000605000000| PB 0x0000000605000000| Untracked 
|  21|0x0000000605400000, 0x0000000605400000, 0x0000000605800000|  0%| F|  |TAMS 0x0000000605400000| PB 0x0000000605400000| Untracked 
|  22|0x0000000605800000, 0x0000000605800000, 0x0000000605c00000|  0%| F|  |TAMS 0x0000000605800000| PB 0x0000000605800000| Untracked 

Card table byte_map: [0x000001e3fe590000,0x000001e3ff590000] _byte_map_base: 0x000001e3fb590000

Marking Bits: (CMBitMap*) 0x000001e3f49a8a80
 Bits: [0x000001e3a0000000, 0x000001e3a8000000)

Polling page: 0x000001e3f2730000

Metaspace:

Usage:
  Non-class:     34.18 MB used.
      Class:      5.47 MB used.
       Both:     39.65 MB used.

Virtual space:
  Non-class space:       64.00 MB reserved,      34.81 MB ( 54%) committed,  1 nodes.
      Class space:        1.00 GB reserved,       6.06 MB ( <1%) committed,  1 nodes.
             Both:        1.06 GB reserved,      40.88 MB (  4%) committed. 

Chunk freelists:
   Non-Class:  12.30 MB
       Class:  9.95 MB
        Both:  22.25 MB

MaxMetaspaceSize: 4.00 GB
CompressedClassSpaceSize: 1.00 GB
Initial GC threshold: 21.00 MB
Current GC threshold: 59.00 MB
CDS: on
 - commit_granule_bytes: 65536.
 - commit_granule_words: 8192.
 - virtual_space_node_default_size: 8388608.
 - enlarge_chunks_in_place: 1.
 - use_allocation_guard: 0.


Internal statistics:

num_allocs_failed_limit: 6.
num_arena_births: 2010.
num_arena_deaths: 0.
num_vsnodes_births: 2.
num_vsnodes_deaths: 0.
num_space_committed: 654.
num_space_uncommitted: 0.
num_chunks_returned_to_freelist: 6.
num_chunks_taken_from_freelist: 3751.
num_chunk_merges: 3.
num_chunk_splits: 2400.
num_chunks_enlarged: 1468.
num_inconsistent_stats: 0.

CodeHeap 'non-profiled nmethods': size=259264Kb used=2603Kb max_used=2603Kb free=256660Kb
 bounds [0x000001e3902d0000, 0x000001e390560000, 0x000001e3a0000000]
CodeHeap 'profiled nmethods': size=259264Kb used=8375Kb max_used=8375Kb free=250888Kb
 bounds [0x000001e380000000, 0x000001e380840000, 0x000001e38fd30000]
CodeHeap 'non-nmethods': size=5760Kb used=2570Kb max_used=2597Kb free=3189Kb
 bounds [0x000001e38fd30000, 0x000001e38ffc0000, 0x000001e3902d0000]
CodeCache: size=524288Kb, used=13548Kb, max_used=13575Kb, free=510737Kb
 total_blobs=5117, nmethods=4276, adapters=745, full_count=0
Compilation: enabled, stopped_count=0, restarted_count=0

Compilation events (20 events):
Event: 7.948 Thread 0x000001e3aa40b900 4753       4       java.util.Collection::stream (11 bytes)
Event: 7.951 Thread 0x000001e3aa40b900 nmethod 4753 0x000001e390557b90 code [0x000001e390557d40, 0x000001e3905580c8]
Event: 7.951 Thread 0x000001e3aa40b900 4754       4       java.lang.AbstractStringBuilder::append (67 bytes)
Event: 7.954 Thread 0x000001e3aa40b900 nmethod 4754 0x000001e390558290 code [0x000001e390558460, 0x000001e390558968]
Event: 7.954 Thread 0x000001e3aa40b900 4755       4       java.lang.AbstractStringBuilder::appendChars (207 bytes)
Event: 7.955 Thread 0x000001e3aa40b900 nmethod 4755 0x000001e390558d10 code [0x000001e390558ea0, 0x000001e3905590b0]
Event: 7.955 Thread 0x000001e3aa40b900 4768       4       java.util.AbstractList$Itr::hasNext (20 bytes)
Event: 7.955 Thread 0x000001e3aa40b900 nmethod 4768 0x000001e390559210 code [0x000001e3905593a0, 0x000001e390559468]
Event: 7.955 Thread 0x000001e3aa40b900 4767       4       org.gradle.internal.classpath.DefaultClassPath$ImmutableUniqueList::get (57 bytes)
Event: 7.956 Thread 0x000001e3aa40b900 nmethod 4767 0x000001e390559510 code [0x000001e3905596a0, 0x000001e3905597a0]
Event: 7.956 Thread 0x000001e3aa40b900 4769 %     4       java.util.LinkedHashMap::keysToArray @ 51 (80 bytes)
Event: 7.959 Thread 0x000001e3aa40b900 nmethod 4769% 0x000001e390559890 code [0x000001e390559a20, 0x000001e390559d18]
Event: 7.959 Thread 0x000001e3aa40b900 4770       4       java.util.LinkedHashMap::afterNodeAccess (266 bytes)
Event: 7.965 Thread 0x000001e3aa40b900 nmethod 4770 0x000001e390559e10 code [0x000001e390559fc0, 0x000001e39055a840]
Event: 7.965 Thread 0x000001e3aa40b900 4771       4       java.util.LinkedHashMap::keysToArray (80 bytes)
Event: 7.967 Thread 0x000001e3aa40b900 nmethod 4771 0x000001e39055a990 code [0x000001e39055ab20, 0x000001e39055ad68]
Event: 7.979 Thread 0x000001e3ff854600 4772       3       org.gradle.api.specs.NotSpec::isSatisfiedBy (19 bytes)
Event: 7.979 Thread 0x000001e3ff854600 nmethod 4772 0x000001e38082f910 code [0x000001e38082fac0, 0x000001e38082fcf0]
Event: 7.979 Thread 0x000001e3ff854600 4773       3       org.gradle.api.internal.DependencyClassPathProvider$$Lambda/0x000001e3ac608ca8::isSatisfiedBy (8 bytes)
Event: 7.979 Thread 0x000001e3ff854600 nmethod 4773 0x000001e38082fd90 code [0x000001e38082ff60, 0x000001e3808302d0]

GC Heap History (20 events):
Event: 1.780 GC heap after
{Heap after GC invocations=1 (full 0):
 garbage-first heap   total 94208K, used 1441K [0x0000000600000000, 0x0000000800000000)
  region size 4096K, 1 young (4096K), 1 survivors (4096K)
 Metaspace       used 870K, committed 1024K, reserved 1114112K
  class space    used 70K, committed 128K, reserved 1048576K
}
Event: 2.612 GC heap before
{Heap before GC invocations=1 (full 0):
 garbage-first heap   total 94208K, used 42401K [0x0000000600000000, 0x0000000800000000)
  region size 4096K, 11 young (45056K), 1 survivors (4096K)
 Metaspace       used 4415K, committed 4608K, reserved 1114112K
  class space    used 554K, committed 640K, reserved 1048576K
}
Event: 2.620 GC heap after
{Heap after GC invocations=2 (full 0):
 garbage-first heap   total 94208K, used 12066K [0x0000000600000000, 0x0000000800000000)
  region size 4096K, 2 young (8192K), 2 survivors (8192K)
 Metaspace       used 4415K, committed 4608K, reserved 1114112K
  class space    used 554K, committed 640K, reserved 1048576K
}
Event: 3.188 GC heap before
{Heap before GC invocations=2 (full 0):
 garbage-first heap   total 94208K, used 48930K [0x0000000600000000, 0x0000000800000000)
  region size 4096K, 12 young (49152K), 2 survivors (8192K)
 Metaspace       used 5146K, committed 5376K, reserved 1114112K
  class space    used 679K, committed 768K, reserved 1048576K
}
Event: 3.197 GC heap after
{Heap after GC invocations=3 (full 0):
 garbage-first heap   total 94208K, used 17259K [0x0000000600000000, 0x0000000800000000)
  region size 4096K, 2 young (8192K), 2 survivors (8192K)
 Metaspace       used 5146K, committed 5376K, reserved 1114112K
  class space    used 679K, committed 768K, reserved 1048576K
}
Event: 4.265 GC heap before
{Heap before GC invocations=3 (full 0):
 garbage-first heap   total 94208K, used 58219K [0x0000000600000000, 0x0000000800000000)
  region size 4096K, 12 young (49152K), 2 survivors (8192K)
 Metaspace       used 14497K, committed 14848K, reserved 1114112K
  class space    used 1965K, committed 2112K, reserved 1048576K
}
Event: 4.270 GC heap after
{Heap after GC invocations=4 (full 0):
 garbage-first heap   total 94208K, used 21167K [0x0000000600000000, 0x0000000800000000)
  region size 4096K, 2 young (8192K), 2 survivors (8192K)
 Metaspace       used 14497K, committed 14848K, reserved 1114112K
  class space    used 1965K, committed 2112K, reserved 1048576K
}
Event: 5.154 GC heap before
{Heap before GC invocations=4 (full 0):
 garbage-first heap   total 94208K, used 58031K [0x0000000600000000, 0x0000000800000000)
  region size 4096K, 11 young (45056K), 2 survivors (8192K)
 Metaspace       used 19782K, committed 20352K, reserved 1114112K
  class space    used 2856K, committed 3136K, reserved 1048576K
}
Event: 5.158 GC heap after
{Heap after GC invocations=5 (full 0):
 garbage-first heap   total 94208K, used 23292K [0x0000000600000000, 0x0000000800000000)
  region size 4096K, 2 young (8192K), 2 survivors (8192K)
 Metaspace       used 19782K, committed 20352K, reserved 1114112K
  class space    used 2856K, committed 3136K, reserved 1048576K
}
Event: 5.464 GC heap before
{Heap before GC invocations=5 (full 0):
 garbage-first heap   total 94208K, used 31484K [0x0000000600000000, 0x0000000800000000)
  region size 4096K, 5 young (20480K), 2 survivors (8192K)
 Metaspace       used 20907K, committed 21504K, reserved 1114112K
  class space    used 3056K, committed 3328K, reserved 1048576K
}
Event: 5.470 GC heap after
{Heap after GC invocations=6 (full 0):
 garbage-first heap   total 94208K, used 24208K [0x0000000600000000, 0x0000000800000000)
  region size 4096K, 1 young (4096K), 1 survivors (4096K)
 Metaspace       used 20907K, committed 21504K, reserved 1114112K
  class space    used 3056K, committed 3328K, reserved 1048576K
}
Event: 6.249 GC heap before
{Heap before GC invocations=7 (full 0):
 garbage-first heap   total 94208K, used 65168K [0x0000000600000000, 0x0000000800000000)
  region size 4096K, 11 young (45056K), 1 survivors (4096K)
 Metaspace       used 26242K, committed 27200K, reserved 1114112K
  class space    used 3895K, committed 4352K, reserved 1048576K
}
Event: 6.254 GC heap after
{Heap after GC invocations=8 (full 0):
 garbage-first heap   total 94208K, used 28484K [0x0000000600000000, 0x0000000800000000)
  region size 4096K, 2 young (8192K), 2 survivors (8192K)
 Metaspace       used 26242K, committed 27200K, reserved 1114112K
  class space    used 3895K, committed 4352K, reserved 1048576K
}
Event: 7.036 GC heap before
{Heap before GC invocations=8 (full 0):
 garbage-first heap   total 94208K, used 69444K [0x0000000600000000, 0x0000000800000000)
  region size 4096K, 12 young (49152K), 2 survivors (8192K)
 Metaspace       used 33679K, committed 34688K, reserved 1114112K
  class space    used 4855K, committed 5312K, reserved 1048576K
}
Event: 7.044 GC heap after
{Heap after GC invocations=9 (full 0):
 garbage-first heap   total 94208K, used 31578K [0x0000000600000000, 0x0000000800000000)
  region size 4096K, 2 young (8192K), 2 survivors (8192K)
 Metaspace       used 33679K, committed 34688K, reserved 1114112K
  class space    used 4855K, committed 5312K, reserved 1048576K
}
Event: 7.171 GC heap before
{Heap before GC invocations=9 (full 0):
 garbage-first heap   total 94208K, used 35674K [0x0000000600000000, 0x0000000800000000)
  region size 4096K, 4 young (16384K), 2 survivors (8192K)
 Metaspace       used 35106K, committed 36096K, reserved 1114112K
  class space    used 5024K, committed 5504K, reserved 1048576K
}
Event: 7.176 GC heap after
{Heap after GC invocations=10 (full 0):
 garbage-first heap   total 94208K, used 33005K [0x0000000600000000, 0x0000000800000000)
  region size 4096K, 2 young (8192K), 2 survivors (8192K)
 Metaspace       used 35106K, committed 36096K, reserved 1114112K
  class space    used 5024K, committed 5504K, reserved 1048576K
}
Event: 7.584 GC heap before
{Heap before GC invocations=11 (full 0):
 garbage-first heap   total 94208K, used 69869K [0x0000000600000000, 0x0000000800000000)
  region size 4096K, 12 young (49152K), 2 survivors (8192K)
 Metaspace       used 37499K, committed 38528K, reserved 1114112K
  class space    used 5267K, committed 5760K, reserved 1048576K
}
Event: 7.589 GC heap after
{Heap after GC invocations=12 (full 0):
 garbage-first heap   total 94208K, used 36594K [0x0000000600000000, 0x0000000800000000)
  region size 4096K, 2 young (8192K), 2 survivors (8192K)
 Metaspace       used 37499K, committed 38528K, reserved 1114112K
  class space    used 5267K, committed 5760K, reserved 1048576K
}
Event: 7.983 GC heap before
{Heap before GC invocations=12 (full 0):
 garbage-first heap   total 94208K, used 73458K [0x0000000600000000, 0x0000000800000000)
  region size 4096K, 12 young (49152K), 2 survivors (8192K)
 Metaspace       used 40601K, committed 41856K, reserved 1114112K
  class space    used 5600K, committed 6208K, reserved 1048576K
}

Dll operation events (16 events):
Event: 0.202 Loaded shared library C:\Users\Lenovo\AppData\Roaming\Code\User\globalStorage\pleiades.java-extension-pack-jdk\java\21\bin\java.dll
Event: 0.228 Loaded shared library C:\Users\Lenovo\AppData\Roaming\Code\User\globalStorage\pleiades.java-extension-pack-jdk\java\21\bin\jsvml.dll
Event: 0.564 Loaded shared library C:\Users\Lenovo\AppData\Roaming\Code\User\globalStorage\pleiades.java-extension-pack-jdk\java\21\bin\zip.dll
Event: 0.634 Loaded shared library C:\Users\Lenovo\AppData\Roaming\Code\User\globalStorage\pleiades.java-extension-pack-jdk\java\21\bin\instrument.dll
Event: 0.749 Loaded shared library C:\Users\Lenovo\AppData\Roaming\Code\User\globalStorage\pleiades.java-extension-pack-jdk\java\21\bin\net.dll
Event: 0.812 Loaded shared library C:\Users\Lenovo\AppData\Roaming\Code\User\globalStorage\pleiades.java-extension-pack-jdk\java\21\bin\nio.dll
Event: 0.829 Loaded shared library C:\Users\Lenovo\AppData\Roaming\Code\User\globalStorage\pleiades.java-extension-pack-jdk\java\21\bin\zip.dll
Event: 1.783 Loaded shared library C:\Users\Lenovo\AppData\Roaming\Code\User\globalStorage\pleiades.java-extension-pack-jdk\java\21\bin\jimage.dll
Event: 1.950 Loaded shared library C:\Users\Lenovo\AppData\Roaming\Code\User\globalStorage\pleiades.java-extension-pack-jdk\java\21\bin\verify.dll
Event: 2.116 Loaded shared library C:\Users\Lenovo\.gradle\native\1def1411415f61bf3af743bc5b6707747c0891f09f0c88961ee8f79bc544acac\windows-amd64\native-platform.dll
Event: 2.126 Loaded shared library C:\Users\Lenovo\.gradle\native\0.2.5\x86_64-windows-gnu\gradle-fileevents.dll
Event: 3.327 Loaded shared library C:\Users\Lenovo\AppData\Roaming\Code\User\globalStorage\pleiades.java-extension-pack-jdk\java\21\bin\management.dll
Event: 3.332 Loaded shared library C:\Users\Lenovo\AppData\Roaming\Code\User\globalStorage\pleiades.java-extension-pack-jdk\java\21\bin\management_ext.dll
Event: 3.565 Loaded shared library C:\Users\Lenovo\AppData\Roaming\Code\User\globalStorage\pleiades.java-extension-pack-jdk\java\21\bin\extnet.dll
Event: 3.740 Loaded shared library C:\Users\Lenovo\AppData\Roaming\Code\User\globalStorage\pleiades.java-extension-pack-jdk\java\21\bin\sunmscapi.dll
Event: 4.526 Loaded shared library C:\Users\Lenovo\AppData\Local\Temp\native-platform1922070618304815217dir\gradle-fileevents.dll

Deoptimization events (20 events):
Event: 7.788 Thread 0x000001e3f1044860 Uncommon trap: trap_request=0xffffffde fr.pc=0x000001e390379780 relative=0x00000000000029e0
Event: 7.788 Thread 0x000001e3f1044860 Uncommon trap: reason=class_check action=maybe_recompile pc=0x000001e390379780 method=java.util.regex.Pattern$CharProperty.study(Ljava/util/regex/Pattern$TreeInfo;)Z @ 25 c2
Event: 7.788 Thread 0x000001e3f1044860 DEOPT PACKING pc=0x000001e390379780 sp=0x00000051fabf7d40
Event: 7.788 Thread 0x000001e3f1044860 DEOPT UNPACKING pc=0x000001e38fd84422 sp=0x00000051fabf7c38 mode 2
Event: 7.946 Thread 0x000001e3f1044860 DEOPT PACKING pc=0x000001e3807be286 sp=0x00000051fabf8a70
Event: 7.946 Thread 0x000001e3f1044860 DEOPT UNPACKING pc=0x000001e38fd84bc2 sp=0x00000051fabf7f58 mode 0
Event: 7.946 Thread 0x000001e3f1044860 DEOPT PACKING pc=0x000001e3807cb90d sp=0x00000051fabf8a60
Event: 7.946 Thread 0x000001e3f1044860 DEOPT UNPACKING pc=0x000001e38fd84bc2 sp=0x00000051fabf7f50 mode 0
Event: 7.950 Thread 0x000001e3f1044860 DEOPT PACKING pc=0x000001e38012026e sp=0x00000051fabf8380
Event: 7.950 Thread 0x000001e3f1044860 DEOPT UNPACKING pc=0x000001e38fd84bc2 sp=0x00000051fabf7900 mode 0
Event: 7.950 Thread 0x000001e3f1044860 DEOPT PACKING pc=0x000001e3807cb90d sp=0x00000051fabf8890
Event: 7.950 Thread 0x000001e3f1044860 DEOPT UNPACKING pc=0x000001e38fd84bc2 sp=0x00000051fabf7d80 mode 0
Event: 7.950 Thread 0x000001e3f1044860 DEOPT PACKING pc=0x000001e3807be286 sp=0x00000051fabf88a0
Event: 7.950 Thread 0x000001e3f1044860 DEOPT UNPACKING pc=0x000001e38fd84bc2 sp=0x00000051fabf7d88 mode 0
Event: 7.961 Thread 0x000001e3f1044860 DEOPT PACKING pc=0x000001e38027e93c sp=0x00000051fabf8cd0
Event: 7.961 Thread 0x000001e3f1044860 DEOPT UNPACKING pc=0x000001e38fd84bc2 sp=0x00000051fabf8148 mode 0
Event: 7.964 Thread 0x000001e3f1044860 DEOPT PACKING pc=0x000001e38027e93c sp=0x00000051fabf8cd0
Event: 7.964 Thread 0x000001e3f1044860 DEOPT UNPACKING pc=0x000001e38fd84bc2 sp=0x00000051fabf8148 mode 0
Event: 7.967 Thread 0x000001e3f1044860 DEOPT PACKING pc=0x000001e38027e93c sp=0x00000051fabf8cd0
Event: 7.967 Thread 0x000001e3f1044860 DEOPT UNPACKING pc=0x000001e38fd84bc2 sp=0x00000051fabf8148 mode 0

Classes loaded (20 events):
Event: 7.631 Loading class sun/reflect/MagicAccessorImpl
Event: 7.631 Loading class sun/reflect/MagicAccessorImpl done
Event: 7.674 Loading class java/util/function/IntBinaryOperator
Event: 7.674 Loading class java/util/function/IntBinaryOperator done
Event: 7.738 Loading class java/util/BitSet$1BitSetSpliterator
Event: 7.738 Loading class java/util/BitSet$1BitSetSpliterator done
Event: 7.782 Loading class java/lang/SafeVarargs
Event: 7.782 Loading class java/lang/SafeVarargs done
Event: 7.802 Loading class jdk/internal/reflect/MethodHandleIntegerFieldAccessorImpl
Event: 7.802 Loading class jdk/internal/reflect/MethodHandleIntegerFieldAccessorImpl done
Event: 7.823 Loading class sun/nio/fs/WindowsException
Event: 7.824 Loading class sun/nio/fs/WindowsException done
Event: 7.848 Loading class java/util/Collections$SynchronizedRandomAccessList
Event: 7.848 Loading class java/util/Collections$SynchronizedList
Event: 7.849 Loading class java/util/Collections$SynchronizedList done
Event: 7.849 Loading class java/util/Collections$SynchronizedRandomAccessList done
Event: 7.863 Loading class java/lang/invoke/BoundMethodHandle$Species_LLLLLLLLLLLLLLLLLLLLLLLLL
Event: 7.863 Loading class java/lang/invoke/BoundMethodHandle$Species_LLLLLLLLLLLLLLLLLLLLLLLLL done
Event: 7.865 Loading class java/lang/invoke/BoundMethodHandle$Species_LLLLLLLLLLLLLLLLLLLLLLLLLL
Event: 7.865 Loading class java/lang/invoke/BoundMethodHandle$Species_LLLLLLLLLLLLLLLLLLLLLLLLLL done

Classes unloaded (0 events):
No events

Classes redefined (0 events):
No events

Internal exceptions (20 events):
Event: 7.687 Thread 0x000001e3f1044860 Exception <a 'java/lang/ClassNotFoundException'{0x0000000605bee8d0}: org/gradle/api/internal/initialization/DefaultScriptHandlerBeanInfo> (0x0000000605bee8d0) 
thrown [s\src\hotspot\share\classfile\systemDictionary.cpp, line 312]
Event: 7.688 Thread 0x000001e3f1044860 Exception <a 'java/lang/ClassNotFoundException'{0x0000000605bfe028}: org/gradle/api/internal/initialization/DefaultScriptHandlerCustomizer> (0x0000000605bfe028) 
thrown [s\src\hotspot\share\classfile\systemDictionary.cpp, line 312]
Event: 7.689 Thread 0x000001e3f1044860 Exception <a 'java/lang/ClassNotFoundException'{0x000000060541ae30}: org/gradle/api/internal/initialization/DefaultScriptHandler_DecoratedCustomizer> (0x000000060541ae30) 
thrown [s\src\hotspot\share\classfile\systemDictionary.cpp, line 312]
Event: 7.732 Thread 0x000001e3f1044860 Exception <a 'java/lang/NoSuchMethodError'{0x00000006055ab460}: 'java.lang.Object java.lang.invoke.DirectMethodHandle$Holder.newInvokeSpecial(java.lang.Object, java.lang.Object, java.lang.Object, java.lang.Object, java.lang.Object, java.lang.Object, java.lang.Object, java.lang.Object, java.lang.Object)'> (0x00000006055ab460) 
thrown [s\src\hotspot\share\interpreter\linkResolver.cpp, line 773]
Event: 7.770 Thread 0x000001e3f1044860 Implicit null exception at 0x000001e390372e42 to 0x000001e3903730c8
Event: 7.797 Thread 0x000001e3f1044860 Exception <a 'java/lang/NoSuchMethodError'{0x00000006050db9b0}: 'java.lang.Object java.lang.invoke.DirectMethodHandle$Holder.newInvokeSpecial(java.lang.Object, java.lang.Object, int, int)'> (0x00000006050db9b0) 
thrown [s\src\hotspot\share\interpreter\linkResolver.cpp, line 773]
Event: 7.803 Thread 0x000001e3f1044860 Exception <a 'java/lang/NoSuchMethodError'{0x0000000605116c30}: 'void java.lang.invoke.DirectMethodHandle$Holder.invokeSpecial(java.lang.Object, java.lang.Object, int)'> (0x0000000605116c30) 
thrown [s\src\hotspot\share\interpreter\linkResolver.cpp, line 773]
Event: 7.803 Thread 0x000001e3f1044860 Exception <a 'java/lang/NoSuchMethodError'{0x000000060511af20}: 'void java.lang.invoke.Invokers$Holder.invokeExact_MT(java.lang.Object, int, java.lang.Object)'> (0x000000060511af20) 
thrown [s\src\hotspot\share\interpreter\linkResolver.cpp, line 773]
Event: 7.804 Thread 0x000001e3f1044860 Exception <a 'java/lang/IncompatibleClassChangeError'{0x0000000605125278}: Found class java.lang.Object, but interface was expected> (0x0000000605125278) 
thrown [s\src\hotspot\share\interpreter\linkResolver.cpp, line 840]
Event: 7.824 Thread 0x000001e3f1044860 Exception <a 'sun/nio/fs/WindowsException'{0x00000006051fb840}> (0x00000006051fb840) 
thrown [s\src\hotspot\share\prims\jni.cpp, line 520]
Event: 7.825 Thread 0x000001e3f1044860 Exception <a 'sun/nio/fs/WindowsException'{0x00000006051fd018}> (0x00000006051fd018) 
thrown [s\src\hotspot\share\prims\jni.cpp, line 520]
Event: 7.825 Thread 0x000001e3f1044860 Exception <a 'sun/nio/fs/WindowsException'{0x00000006051fe798}> (0x00000006051fe798) 
thrown [s\src\hotspot\share\prims\jni.cpp, line 520]
Event: 7.826 Thread 0x000001e3f1044860 Exception <a 'sun/nio/fs/WindowsException'{0x00000006051fff38}> (0x00000006051fff38) 
thrown [s\src\hotspot\share\prims\jni.cpp, line 520]
Event: 7.842 Thread 0x000001e3f1044860 Exception <a 'java/lang/NoSuchMethodError'{0x000000060534c798}: 'java.lang.Object java.lang.invoke.Invokers$Holder.invoker(java.lang.Object, java.lang.Object, java.lang.Object, java.lang.Object, java.lang.Object, java.lang.Object)'> (0x000000060534c798) 
thrown [s\src\hotspot\share\interpreter\linkResolver.cpp, line 773]
Event: 7.860 Thread 0x000001e3f1044860 Exception <a 'java/lang/NoSuchMethodError'{0x0000000604c73d10}: 'java.lang.Object java.lang.invoke.DirectMethodHandle$Holder.invokeSpecial(java.lang.Object, java.lang.Object, java.lang.Object, java.lang.Object, java.lang.Object, java.lang.Object, java.lang.Object, java.lang.Object, java.lang.Object, java.lang.Object, java.lang.Object, java.lang.Object, java.lang.Object, java.lang.Object, java.lang.Object, java.lang.Object, java.lang.Object, java.lang.Object, java.lang.Object, java.lang.Object, java.lang.Ob
Event: 7.860 Thread 0x000001e3f1044860 Exception <a 'java/lang/NoSuchMethodError'{0x0000000604c79de8}: 'java.lang.Object java.lang.invoke.DelegatingMethodHandle$Holder.reinvoke_L(java.lang.Object, java.lang.Object, java.lang.Object, java.lang.Object, java.lang.Object, java.lang.Object, java.lang.Object, java.lang.Object, java.lang.Object, java.lang.Object, java.lang.Object, java.lang.Object, java.lang.Object, java.lang.Object, java.lang.Object, java.lang.Object, java.lang.Object, java.lang.Object, java.lang.Object, java.lang.Object, java.lang.O
Event: 7.861 Thread 0x000001e3f1044860 Exception <a 'java/lang/NoSuchMethodError'{0x0000000604c84fd0}: 'java.lang.Object java.lang.invoke.Invokers$Holder.invoker(java.lang.Object, java.lang.Object, java.lang.Object, java.lang.Object, java.lang.Object, java.lang.Object, java.lang.Object, java.lang.Object, java.lang.Object, java.lang.Object, java.lang.Object, java.lang.Object, java.lang.Object, java.lang.Object, java.lang.Object, java.lang.Object, java.lang.Object, java.lang.Object, java.lang.Object, java.lang.Object, java.lang.Object, java.lang.
Event: 7.861 Thread 0x000001e3f1044860 Exception <a 'java/lang/NoSuchMethodError'{0x0000000604c8b958}: 'java.lang.Object java.lang.invoke.DelegatingMethodHandle$Holder.delegate(java.lang.Object, java.lang.Object, java.lang.Object, java.lang.Object, java.lang.Object, java.lang.Object, java.lang.Object, java.lang.Object, java.lang.Object, java.lang.Object, java.lang.Object, java.lang.Object, java.lang.Object, java.lang.Object, java.lang.Object, java.lang.Object, java.lang.Object, java.lang.Object, java.lang.Object, java.lang.Object, java.lang.Obj
Event: 7.864 Thread 0x000001e3f1044860 Exception <a 'java/lang/NoSuchMethodError'{0x0000000604d61d70}: 'java.lang.Object java.lang.invoke.DirectMethodHandle$Holder.invokeStatic(java.lang.Object, java.lang.Object, java.lang.Object, java.lang.Object, java.lang.Object, java.lang.Object, java.lang.Object, java.lang.Object, java.lang.Object, java.lang.Object, java.lang.Object, java.lang.Object, java.lang.Object, java.lang.Object, java.lang.Object, java.lang.Object, java.lang.Object, java.lang.Object, java.lang.Object, java.lang.Object, java.lang.Obj
Event: 7.865 Thread 0x000001e3f1044860 Exception <a 'java/lang/NoSuchMethodError'{0x0000000604d97310}: 'java.lang.Object java.lang.invoke.DirectMethodHandle$Holder.invokeStatic(java.lang.Object, java.lang.Object, java.lang.Object, java.lang.Object, java.lang.Object, java.lang.Object, java.lang.Object, java.lang.Object, java.lang.Object, java.lang.Object, java.lang.Object, java.lang.Object, java.lang.Object, java.lang.Object, java.lang.Object, java.lang.Object, java.lang.Object, java.lang.Object, java.lang.Object, java.lang.Object, java.lang.Obj

ZGC Phase Switch (0 events):
No events

VM Operations (20 events):
Event: 7.044 Executing VM operation: G1CollectForAllocation (G1 Evacuation Pause) done
Event: 7.051 Executing VM operation: HandshakeAllThreads (Deoptimize)
Event: 7.052 Executing VM operation: HandshakeAllThreads (Deoptimize) done
Event: 7.165 Executing VM operation: HandshakeAllThreads (Deoptimize)
Event: 7.165 Executing VM operation: HandshakeAllThreads (Deoptimize) done
Event: 7.171 Executing VM operation: CollectForMetadataAllocation (Metadata GC Threshold)
Event: 7.176 Executing VM operation: CollectForMetadataAllocation (Metadata GC Threshold) done
Event: 7.190 Executing VM operation: G1PauseRemark
Event: 7.194 Executing VM operation: G1PauseRemark done
Event: 7.196 Executing VM operation: G1PauseCleanup
Event: 7.196 Executing VM operation: G1PauseCleanup done
Event: 7.249 Executing VM operation: HandshakeAllThreads (Deoptimize)
Event: 7.249 Executing VM operation: HandshakeAllThreads (Deoptimize) done
Event: 7.403 Executing VM operation: ICBufferFull
Event: 7.403 Executing VM operation: ICBufferFull done
Event: 7.584 Executing VM operation: G1CollectForAllocation (G1 Evacuation Pause)
Event: 7.589 Executing VM operation: G1CollectForAllocation (G1 Evacuation Pause) done
Event: 7.774 Executing VM operation: HandshakeAllThreads (Deoptimize)
Event: 7.774 Executing VM operation: HandshakeAllThreads (Deoptimize) done
Event: 7.982 Executing VM operation: G1CollectForAllocation (G1 Evacuation Pause)

Memory protections (0 events):
No events

Nmethod flushes (20 events):
Event: 7.193 Thread 0x000001e3ff820630 flushing  nmethod 0x000001e3801e3a90
Event: 7.193 Thread 0x000001e3ff820630 flushing  nmethod 0x000001e380222210
Event: 7.193 Thread 0x000001e3ff820630 flushing  nmethod 0x000001e380226b90
Event: 7.193 Thread 0x000001e3ff820630 flushing  nmethod 0x000001e38026cc90
Event: 7.193 Thread 0x000001e3ff820630 flushing  nmethod 0x000001e38026e490
Event: 7.193 Thread 0x000001e3ff820630 flushing  nmethod 0x000001e38026fe90
Event: 7.193 Thread 0x000001e3ff820630 flushing  nmethod 0x000001e3802e8110
Event: 7.193 Thread 0x000001e3ff820630 flushing  nmethod 0x000001e380329890
Event: 7.193 Thread 0x000001e3ff820630 flushing  nmethod 0x000001e38034fe10
Event: 7.193 Thread 0x000001e3ff820630 flushing  nmethod 0x000001e380350d10
Event: 7.193 Thread 0x000001e3ff820630 flushing  nmethod 0x000001e38039ae90
Event: 7.193 Thread 0x000001e3ff820630 flushing  nmethod 0x000001e38039c710
Event: 7.193 Thread 0x000001e3ff820630 flushing  nmethod 0x000001e38039f210
Event: 7.193 Thread 0x000001e3ff820630 flushing  nmethod 0x000001e3803ce810
Event: 7.193 Thread 0x000001e3ff820630 flushing  nmethod 0x000001e3803e7290
Event: 7.193 Thread 0x000001e3ff820630 flushing  nmethod 0x000001e3803e8810
Event: 7.193 Thread 0x000001e3ff820630 flushing  nmethod 0x000001e3803e8b90
Event: 7.193 Thread 0x000001e3ff820630 flushing  nmethod 0x000001e3803e9490
Event: 7.193 Thread 0x000001e3ff820630 flushing  nmethod 0x000001e3803f0910
Event: 7.193 Thread 0x000001e3ff820630 flushing  nmethod 0x000001e38045a710

Events (20 events):
Event: 3.890 Thread 0x000001e3f1044860 Thread added: 0x000001e3f10eedb0
Event: 4.384 Thread 0x000001e3f1044860 Thread added: 0x000001e3f10f0160
Event: 4.393 Thread 0x000001e3f1044860 Thread added: 0x000001e3f10ef440
Event: 4.424 Thread 0x000001e3f1044860 Thread added: 0x000001e3f10efad0
Event: 4.804 Thread 0x000001e3ff853e30 Thread added: 0x000001e400e6e440
Event: 5.734 Thread 0x000001e3f1044860 Thread added: 0x000001e3f10f07f0
Event: 5.751 Thread 0x000001e3f1044860 Thread added: 0x000001e3f10f0e80
Event: 5.874 Thread 0x000001e400e6e440 Thread exited: 0x000001e400e6e440
Event: 5.948 Thread 0x000001e3f1044860 Thread added: 0x000001e3f10f1510
Event: 5.954 Thread 0x000001e3f1044860 Thread added: 0x000001e3f10f1ba0
Event: 6.026 Thread 0x000001e3f1044860 Thread added: 0x000001e3f10ee720
Event: 6.026 Thread 0x000001e3f1044860 Thread added: 0x000001e3f13d4b00
Event: 6.026 Thread 0x000001e3f1044860 Thread added: 0x000001e3f13d6bd0
Event: 6.588 Thread 0x000001e3f1044860 Thread added: 0x000001e3f13d6540
Event: 6.631 Thread 0x000001e3f1044860 Thread added: 0x000001e3f13d5190
Event: 7.370 Thread 0x000001e3f1044860 Thread added: 0x000001e3f13d5820
Event: 7.396 Thread 0x000001e3f1044860 Thread added: 0x000001e3f13d5eb0
Event: 7.549 Thread 0x000001e3f1044860 Thread added: 0x000001e3f13d3de0
Event: 7.572 Thread 0x000001e3f1044860 Thread added: 0x000001e3f13d4470
Event: 7.611 Thread 0x000001e3f1044860 Thread added: 0x000001e3f14b8200


Dynamic libraries:
0x00007ff63d7b0000 - 0x00007ff63d7be000 	C:\Users\Lenovo\AppData\Roaming\Code\User\globalStorage\pleiades.java-extension-pack-jdk\java\21\bin\java.exe
0x00007ff948060000 - 0x00007ff9482c8000 	C:\WINDOWS\SYSTEM32\ntdll.dll
0x00007ff946ab0000 - 0x00007ff946b79000 	C:\WINDOWS\System32\KERNEL32.DLL
0x00007ff945670000 - 0x00007ff945a62000 	C:\WINDOWS\System32\KERNELBASE.dll
0x00007ff945a70000 - 0x00007ff945bbb000 	C:\WINDOWS\System32\ucrtbase.dll
0x00007ff9254d0000 - 0x00007ff9254ee000 	C:\Users\Lenovo\AppData\Roaming\Code\User\globalStorage\pleiades.java-extension-pack-jdk\java\21\bin\VCRUNTIME140.dll
0x00007ff935a00000 - 0x00007ff935a18000 	C:\Users\Lenovo\AppData\Roaming\Code\User\globalStorage\pleiades.java-extension-pack-jdk\java\21\bin\jli.dll
0x00007ff947980000 - 0x00007ff947b45000 	C:\WINDOWS\System32\USER32.dll
0x00007ff92d310000 - 0x00007ff92d5a3000 	C:\WINDOWS\WinSxS\amd64_microsoft.windows.common-controls_6595b64144ccf1df_6.0.26100.6899_none_3e0efeeae32e88c1\COMCTL32.dll
0x00007ff945640000 - 0x00007ff945667000 	C:\WINDOWS\System32\win32u.dll
0x00007ff946090000 - 0x00007ff9460bb000 	C:\WINDOWS\System32\GDI32.dll
0x00007ff9469a0000 - 0x00007ff946a49000 	C:\WINDOWS\System32\msvcrt.dll
0x00007ff945bc0000 - 0x00007ff945ced000 	C:\WINDOWS\System32\gdi32full.dll
0x00007ff945d80000 - 0x00007ff945e23000 	C:\WINDOWS\System32\msvcp_win.dll
0x00007ff9460c0000 - 0x00007ff9460ef000 	C:\WINDOWS\System32\IMM32.DLL
0x00007ff935900000 - 0x00007ff93590c000 	C:\Users\Lenovo\AppData\Roaming\Code\User\globalStorage\pleiades.java-extension-pack-jdk\java\21\bin\vcruntime140_1.dll
0x00007ff91c440000 - 0x00007ff91c4cd000 	C:\Users\Lenovo\AppData\Roaming\Code\User\globalStorage\pleiades.java-extension-pack-jdk\java\21\bin\msvcp140.dll
0x00007ff8ec1c0000 - 0x00007ff8ecf60000 	C:\Users\Lenovo\AppData\Roaming\Code\User\globalStorage\pleiades.java-extension-pack-jdk\java\21\bin\server\jvm.dll
0x00007ff947f60000 - 0x00007ff948014000 	C:\WINDOWS\System32\ADVAPI32.dll
0x00007ff946f40000 - 0x00007ff946fe6000 	C:\WINDOWS\System32\sechost.dll
0x00007ff947ce0000 - 0x00007ff947df8000 	C:\WINDOWS\System32\RPCRT4.dll
0x00007ff9470b0000 - 0x00007ff947124000 	C:\WINDOWS\System32\WS2_32.dll
0x00007ff945050000 - 0x00007ff9450ae000 	C:\WINDOWS\SYSTEM32\POWRPROF.dll
0x00007ff93ef50000 - 0x00007ff93ef85000 	C:\WINDOWS\SYSTEM32\WINMM.dll
0x00007ff936df0000 - 0x00007ff936dfb000 	C:\WINDOWS\SYSTEM32\VERSION.dll
0x00007ff945030000 - 0x00007ff945044000 	C:\WINDOWS\SYSTEM32\UMPDC.dll
0x00007ff943f80000 - 0x00007ff943f9b000 	C:\WINDOWS\SYSTEM32\kernel.appcore.dll
0x00007ff935220000 - 0x00007ff93522a000 	C:\Users\Lenovo\AppData\Roaming\Code\User\globalStorage\pleiades.java-extension-pack-jdk\java\21\bin\jimage.dll
0x00007ff9396e0000 - 0x00007ff939922000 	C:\WINDOWS\SYSTEM32\DBGHELP.DLL
0x00007ff946100000 - 0x00007ff94647b000 	C:\WINDOWS\System32\combase.dll
0x00007ff946da0000 - 0x00007ff946e77000 	C:\WINDOWS\System32\OLEAUT32.dll
0x00007ff932420000 - 0x00007ff93245c000 	C:\WINDOWS\SYSTEM32\dbgcore.DLL
0x00007ff9455a0000 - 0x00007ff945638000 	C:\WINDOWS\System32\bcryptPrimitives.dll
0x00007ff9335d0000 - 0x00007ff9335df000 	C:\Users\Lenovo\AppData\Roaming\Code\User\globalStorage\pleiades.java-extension-pack-jdk\java\21\bin\instrument.dll
0x00007ff923180000 - 0x00007ff9231a0000 	C:\Users\Lenovo\AppData\Roaming\Code\User\globalStorage\pleiades.java-extension-pack-jdk\java\21\bin\java.dll
0x00007ff947130000 - 0x00007ff94787d000 	C:\WINDOWS\System32\SHELL32.dll
0x00007ff9451f0000 - 0x00007ff94535b000 	C:\WINDOWS\System32\wintypes.dll
0x00007ff942e00000 - 0x00007ff94365d000 	C:\WINDOWS\SYSTEM32\windows.storage.dll
0x00007ff947880000 - 0x00007ff947972000 	C:\WINDOWS\System32\SHCORE.dll
0x00007ff946b80000 - 0x00007ff946be2000 	C:\WINDOWS\System32\shlwapi.dll
0x00007ff945110000 - 0x00007ff945139000 	C:\WINDOWS\SYSTEM32\profapi.dll
0x00007ff91bb40000 - 0x00007ff91bc17000 	C:\Users\Lenovo\AppData\Roaming\Code\User\globalStorage\pleiades.java-extension-pack-jdk\java\21\bin\jsvml.dll
0x00007ff922bf0000 - 0x00007ff922c08000 	C:\Users\Lenovo\AppData\Roaming\Code\User\globalStorage\pleiades.java-extension-pack-jdk\java\21\bin\zip.dll
0x00007ff9319a0000 - 0x00007ff9319b0000 	C:\Users\Lenovo\AppData\Roaming\Code\User\globalStorage\pleiades.java-extension-pack-jdk\java\21\bin\net.dll
0x00007ff93f390000 - 0x00007ff93f4af000 	C:\WINDOWS\SYSTEM32\WINHTTP.dll
0x00007ff9444d0000 - 0x00007ff94453b000 	C:\WINDOWS\system32\mswsock.dll
0x00007ff9221f0000 - 0x00007ff922206000 	C:\Users\Lenovo\AppData\Roaming\Code\User\globalStorage\pleiades.java-extension-pack-jdk\java\21\bin\nio.dll
0x00007ff931490000 - 0x00007ff9314a0000 	C:\Users\Lenovo\AppData\Roaming\Code\User\globalStorage\pleiades.java-extension-pack-jdk\java\21\bin\verify.dll
0x00007ff91d920000 - 0x00007ff91d947000 	C:\Users\Lenovo\.gradle\native\1def1411415f61bf3af743bc5b6707747c0891f09f0c88961ee8f79bc544acac\windows-amd64\native-platform.dll
0x0000000052150000 - 0x00000000521c3000 	C:\Users\Lenovo\.gradle\native\0.2.5\x86_64-windows-gnu\gradle-fileevents.dll
0x00007ff9280e0000 - 0x00007ff9280ea000 	C:\Users\Lenovo\AppData\Roaming\Code\User\globalStorage\pleiades.java-extension-pack-jdk\java\21\bin\management.dll
0x00007ff928030000 - 0x00007ff92803c000 	C:\Users\Lenovo\AppData\Roaming\Code\User\globalStorage\pleiades.java-extension-pack-jdk\java\21\bin\management_ext.dll
0x00007ff946d90000 - 0x00007ff946d98000 	C:\WINDOWS\System32\PSAPI.DLL
0x00007ff9448b0000 - 0x00007ff9448cb000 	C:\WINDOWS\SYSTEM32\CRYPTSP.dll
0x00007ff943ee0000 - 0x00007ff943f1b000 	C:\WINDOWS\system32\rsaenh.dll
0x00007ff944570000 - 0x00007ff94459b000 	C:\WINDOWS\SYSTEM32\USERENV.dll
0x00007ff9450e0000 - 0x00007ff945106000 	C:\WINDOWS\SYSTEM32\bcrypt.dll
0x00007ff944710000 - 0x00007ff94471c000 	C:\WINDOWS\SYSTEM32\CRYPTBASE.dll
0x00007ff943980000 - 0x00007ff9439b4000 	C:\WINDOWS\SYSTEM32\IPHLPAPI.DLL
0x00007ff946480000 - 0x00007ff94648a000 	C:\WINDOWS\System32\NSI.dll
0x00007ff928020000 - 0x00007ff928029000 	C:\Users\Lenovo\AppData\Roaming\Code\User\globalStorage\pleiades.java-extension-pack-jdk\java\21\bin\extnet.dll
0x00007ff928010000 - 0x00007ff92801e000 	C:\Users\Lenovo\AppData\Roaming\Code\User\globalStorage\pleiades.java-extension-pack-jdk\java\21\bin\sunmscapi.dll
0x00007ff945420000 - 0x00007ff945597000 	C:\WINDOWS\System32\CRYPT32.dll
0x00007ff944a00000 - 0x00007ff944a30000 	C:\WINDOWS\SYSTEM32\ncrypt.dll
0x00007ff9449b0000 - 0x00007ff9449ef000 	C:\WINDOWS\SYSTEM32\NTASN1.dll
0x00007ff8a9610000 - 0x00007ff8a9618000 	C:\WINDOWS\system32\wshunix.dll
0x00000000520d0000 - 0x0000000052143000 	C:\Users\Lenovo\AppData\Local\Temp\native-platform1922070618304815217dir\gradle-fileevents.dll

JVMTI agents:
C:\Users\Lenovo\.gradle\wrapper\dists\gradle-8.12-all\ejduaidbjup3bmmkhw3rie4zb\gradle-8.12\lib\agents\gradle-instrumentation-agent-8.12.jar path:C:\Users\Lenovo\AppData\Roaming\Code\User\globalStorage\pleiades.java-extension-pack-jdk\java\21\bin\instrument.dll, loaded, initialized, instrumentlib options:none

dbghelp: loaded successfully - version: 4.0.5 - missing functions: none
symbol engine: initialized successfully - sym options: 0x614 - pdb path: .;C:\Users\Lenovo\AppData\Roaming\Code\User\globalStorage\pleiades.java-extension-pack-jdk\java\21\bin;C:\WINDOWS\SYSTEM32;C:\WINDOWS\WinSxS\amd64_microsoft.windows.common-controls_6595b64144ccf1df_6.0.26100.6899_none_3e0efeeae32e88c1;C:\Users\Lenovo\AppData\Roaming\Code\User\globalStorage\pleiades.java-extension-pack-jdk\java\21\bin\server;C:\Users\Lenovo\.gradle\native\1def1411415f61bf3af743bc5b6707747c0891f09f0c88961ee8f79bc544acac\windows-amd64;C:\Users\Lenovo\.gradle\native\0.2.5\x86_64-windows-gnu;C:\Users\Lenovo\AppData\Local\Temp\native-platform1922070618304815217dir

VM Arguments:
jvm_args: --add-opens=java.base/java.lang=ALL-UNNAMED --add-opens=java.base/java.lang.invoke=ALL-UNNAMED --add-opens=java.base/java.util=ALL-UNNAMED --add-opens=java.prefs/java.util.prefs=ALL-UNNAMED --add-exports=jdk.compiler/com.sun.tools.javac.api=ALL-UNNAMED --add-exports=jdk.compiler/com.sun.tools.javac.util=ALL-UNNAMED --add-opens=java.base/java.util=ALL-UNNAMED --add-opens=java.prefs/java.util.prefs=ALL-UNNAMED --add-opens=java.base/java.nio.charset=ALL-UNNAMED --add-opens=java.base/java.net=ALL-UNNAMED --add-opens=java.base/java.util.concurrent.atomic=ALL-UNNAMED --add-opens=java.xml/javax.xml.namespace=ALL-UNNAMED -XX:MaxMetaspaceSize=4G -XX:ReservedCodeCacheSize=512m -XX:+HeapDumpOnOutOfMemoryError -Xmx8G -Dfile.encoding=UTF-8 -Duser.country=US -Duser.language=en -Duser.variant -javaagent:C:\Users\Lenovo\.gradle\wrapper\dists\gradle-8.12-all\ejduaidbjup3bmmkhw3rie4zb\gradle-8.12\lib\agents\gradle-instrumentation-agent-8.12.jar 
java_command: org.gradle.launcher.daemon.bootstrap.GradleDaemon 8.12
java_class_path (initial): C:\Users\Lenovo\.gradle\wrapper\dists\gradle-8.12-all\ejduaidbjup3bmmkhw3rie4zb\gradle-8.12\lib\gradle-daemon-main-8.12.jar
Launcher Type: SUN_STANDARD

[Global flags]
     intx CICompilerCount                          = 4                                         {product} {ergonomic}
     uint ConcGCThreads                            = 2                                         {product} {ergonomic}
     uint G1ConcRefinementThreads                  = 8                                         {product} {ergonomic}
   size_t G1HeapRegionSize                         = 4194304                                   {product} {ergonomic}
    uintx GCDrainStackTargetSize                   = 64                                        {product} {ergonomic}
     bool HeapDumpOnOutOfMemoryError               = true                                   {manageable} {command line}
   size_t InitialHeapSize                          = 96468992                                  {product} {ergonomic}
   size_t MarkStackSize                            = 4194304                                   {product} {ergonomic}
   size_t MaxHeapSize                              = 8589934592                                {product} {command line}
   size_t MaxMetaspaceSize                         = 4294967296                                {product} {command line}
   size_t MaxNewSize                               = 5150605312                                {product} {ergonomic}
   size_t MinHeapDeltaBytes                        = 4194304                                   {product} {ergonomic}
   size_t MinHeapSize                              = 8388608                                   {product} {ergonomic}
    uintx NonNMethodCodeHeapSize                   = 5839372                                {pd product} {ergonomic}
    uintx NonProfiledCodeHeapSize                  = 265515770                              {pd product} {ergonomic}
    uintx ProfiledCodeHeapSize                     = 265515770                              {pd product} {ergonomic}
    uintx ReservedCodeCacheSize                    = 536870912                              {pd product} {command line}
     bool SegmentedCodeCache                       = true                                      {product} {ergonomic}
   size_t SoftMaxHeapSize                          = 8589934592                             {manageable} {ergonomic}
     bool UseCompressedOops                        = true                           {product lp64_product} {ergonomic}
     bool UseG1GC                                  = true                                      {product} {ergonomic}
     bool UseLargePagesIndividualAllocation        = false                                  {pd product} {ergonomic}

Logging:
Log output configuration:
 #0: stdout all=warning uptime,level,tags foldmultilines=false
 #1: stderr all=off uptime,level,tags foldmultilines=false

Release file:
IMPLEMENTOR="Eclipse Adoptium" 
IMPLEMENTOR_VERSION="Temurin-21.0.9+10" 
JAVA_RUNTIME_VERSION="21.0.9+10-LTS" 
JAVA_VERSION="21.0.9" 
JAVA_VERSION_DATE="2025-10-21" 
LIBC="default" 
MODULES="java.base java.compiler java.datatransfer java.xml java.prefs java.desktop java.instrument java.logging java.management java.security.sasl java.naming java.rmi java.management.rmi java.net.http java.scripting java.security.jgss java.transaction.xa java.sql java.sql.rowset java.xml.crypto java.se java.smartcardio jdk.accessibility jdk.internal.jvmstat jdk.attach jdk.charsets jdk.internal.opt jdk.zipfs jdk.compiler jdk.crypto.ec jdk.crypto.cryptoki jdk.crypto.mscapi jdk.dynalink jdk.internal.ed jdk.editpad jdk.hotspot.agent jdk.httpserver jdk.incubator.vector jdk.internal.le jdk.internal.vm.ci jdk.internal.vm.compiler jdk.internal.vm.compiler.management jdk.jartool jdk.javadoc jdk.jcmd jdk.management jdk.management.agent jdk.jconsole jdk.jdeps jdk.jdwp.agent jdk.jdi jdk.jfr jdk.jlink jdk.jpackage jdk.jshell jdk.jsobject jdk.jstatd jdk.localedata jdk.management.jfr jdk.naming.dns jdk.naming.rmi jdk.net jdk.nio.mapmode jdk.random jdk.sctp jdk.security.auth jdk.security.jgss jdk.unsupported jdk.unsupported.desktop jdk.xml.dom" 
OS_ARCH="x86_64" 
OS_NAME="Windows" 
SOURCE=".:git:759062135b07" 
BUILD_SOURCE="git:839fa0b45d809157cffd3dc8515aad262a4a1776"
BUILD_SOURCE_REPO="https://github.com/adoptium/temurin-build.git"
SOURCE_REPO="https://github.com/adoptium/jdk21u.git"
FULL_VERSION="21.0.9+10-LTS"
SEMANTIC_VERSION="21.0.9+10"
BUILD_INFO="OS: Windows Server 2022 Version: 10.0"
JVM_VARIANT="Hotspot"
JVM_VERSION="21.0.9+10-LTS"
IMAGE_TYPE="JDK"

Environment Variables:
PATH=C:\Program Files\Common Files\Oracle\Java\javapath;C:\Program Files (x86)\Common Files\Oracle\Java\java8path;C:\Program Files (x86)\Common Files\Oracle\Java\javapath;C:\Program Files (x86)\Common Files\Intel\Shared Libraries\redist\intel64\compiler;C:\WINDOWS\system32;C:\WINDOWS;C:\WINDOWS\System32\Wbem;C:\WINDOWS\System32\WindowsPowerShell\v1.0\;C:\WINDOWS\System32\OpenSSH\;C:\Program Files\dotnet\;C:\Program Files\Docker\Docker\resources\bin;C:\Program Files\Git\cmd;C:\Users\Lenovo\AppData\Local\Microsoft\WindowsApps;C:\Users\Lenovo\AppData\Local\Programs\Microsoft VS Code\bin;C:\Users\Lenovo\Downloads\flutter_windows_3.35.5-stable\flutter\bin;
USERNAME=Lenovo
OS=Windows_NT
PROCESSOR_IDENTIFIER=AMD64 Family 23 Model 160 Stepping 0, AuthenticAMD
TMP=C:\Users\Lenovo\AppData\Local\Temp
TEMP=C:\Users\Lenovo\AppData\Local\Temp




Periodic native trim disabled

---------------  S Y S T E M  ---------------

OS:
 Windows 11 , 64 bit Build 26100 (10.0.26100.6725)
OS uptime: 0 days 5:29 hours
Hyper-V role detected

CPU: total 8 (initial active 8) (8 cores per cpu, 2 threads per core) family 23 model 160 stepping 0 microcode 0x8a00006, cx8, cmov, fxsr, ht, mmx, 3dnowpref, sse, sse2, sse3, ssse3, sse4a, sse4.1, sse4.2, popcnt, lzcnt, tsc, tscinvbit, avx, avx2, aes, clmul, bmi1, bmi2, adx, sha, fma, vzeroupper, clflush, clflushopt, hv, rdtscp, rdpid, f16c
Processor Information for the first 8 processors :
  Max Mhz: 2801, Current Mhz: 2801, Mhz Limit: 2801

Memory: 4k page, system-wide physical 5877M (526M free)
TotalPageFile size 13958M (AvailPageFile size 11M)
current process WorkingSet (physical memory assigned to process): 247M, peak: 247M
current process commit charge ("private bytes"): 293M, peak: 313M

vm_info: OpenJDK 64-Bit Server VM (21.0.9+10-LTS) for windows-amd64 JRE (21.0.9+10-LTS), built on 2025-10-21T00:00:00Z by "admin" with unknown MS VC++:1942

END.
