#
# There is insufficient memory for the Java Runtime Environment to continue.
# Native memory allocation (mmap) failed to map 65536 bytes. Error detail: Failed to commit metaspace.
# Possible reasons:
#   The system is out of physical RAM or swap space
#   This process is running with CompressedOops enabled, and the Java Heap may be blocking the growth of the native heap
# Possible solutions:
#   Reduce memory load on the system
#   Increase physical memory or swap space
#   Check if swap backing store is full
#   Decrease Java heap size (-Xmx/-Xms)
#   Decrease number of Java threads
#   Decrease Java thread stack sizes (-Xss)
#   Set larger code cache with -XX:ReservedCodeCacheSize=
#   JVM is running with Unscaled Compressed Oops mode in which the Java heap is
#     placed in the first 4GB address space. The Java Heap base address is the
#     maximum limit for the native heap growth. Please use -XX:HeapBaseMinAddress
#     to set the Java Heap base and to place the Java Heap above 4GB virtual address.
# This output file may be truncated or incomplete.
#
#  Out of Memory Error (virtualSpaceNode.cpp:113), pid=50636, tid=26912
#
# JRE version: OpenJDK Runtime Environment Temurin-21.0.8+9 (21.0.8+9) (build 21.0.8+9-LTS)
# Java VM: OpenJDK 64-Bit Server VM Temurin-21.0.8+9 (21.0.8+9-LTS, mixed mode, sharing, tiered, compressed oops, compressed class ptrs, parallel gc, windows-amd64)
# No core dump will be written. Minidumps are not enabled by default on client versions of Windows
#

---------------  S U M M A R Y ------------

Command Line: --add-modules=ALL-SYSTEM --add-opens=java.base/java.util=ALL-UNNAMED --add-opens=java.base/java.lang=ALL-UNNAMED --add-opens=java.base/sun.nio.fs=ALL-UNNAMED -Declipse.application=org.eclipse.jdt.ls.core.id1 -Dosgi.bundles.defaultStartLevel=4 -Declipse.product=org.eclipse.jdt.ls.core.product -Djava.import.generatesMetadataFilesAtProjectRoot=false -DDetectVMInstallationsJob.disabled=true -Dfile.encoding=utf8 -XX:+UseParallelGC -XX:GCTimeRatio=4 -XX:AdaptiveSizePolicyWeight=90 -Dsun.zip.disableMemoryMapping=true -Xmx2G -Xms100m -Xlog:disable -javaagent:c:\Users\Lenovo\.vscode\extensions\redhat.java-1.47.0-win32-x64\lombok\lombok-1.18.39-4050.jar c:\Users\Lenovo\.vscode\extensions\redhat.java-1.47.0-win32-x64\server\plugins\org.eclipse.equinox.launcher_1.7.100.v20251014-1222.jar -configuration c:\Users\Lenovo\AppData\Roaming\Code\User\globalStorage\redhat.java\1.47.0\config_ss_win -data c:\Users\Lenovo\AppData\Roaming\Code\User\workspaceStorage\1769b8ac73e065bd708e8bd3034951c2\redhat.java\ss_ws --pipe=\\.\pipe\lsp-a8d54deedfaf3119e058b6e40299e3ae-sock

Host: AMD Ryzen 5 7520U with Radeon Graphics         , 8 cores, 5G,  Windows 11 , 64 bit Build 26100 (10.0.26100.6725)
Time: Sat Nov  8 22:25:31 2025 SE Asia Standard Time elapsed time: 0.378873 seconds (0d 0h 0m 0s)

---------------  T H R E A D  ---------------

Current thread (0x000002695ee5abe0):  JavaThread "main"             [_thread_in_vm, id=26912, stack(0x000000d25a000000,0x000000d25a100000) (1024K)]

Stack: [0x000000d25a000000,0x000000d25a100000]
Native frames: (J=compiled Java code, j=interpreted, Vv=VM code, C=native code)
V  [jvm.dll+0x6d2449]
V  [jvm.dll+0x8ae341]
V  [jvm.dll+0x8b08be]
V  [jvm.dll+0x8b0fa3]
V  [jvm.dll+0x280c96]
V  [jvm.dll+0x8aa07e]
V  [jvm.dll+0x6745b5]
V  [jvm.dll+0x67461a]
V  [jvm.dll+0x676e02]
V  [jvm.dll+0x676cd2]
V  [jvm.dll+0x674f8e]
V  [jvm.dll+0x26a9af]
V  [jvm.dll+0x67f1f5]
V  [jvm.dll+0x21695d]
V  [jvm.dll+0x216eda]
V  [jvm.dll+0x217905]
V  [jvm.dll+0x20cece]
V  [jvm.dll+0x5b19dc]
V  [jvm.dll+0x21e5ba]
V  [jvm.dll+0x826c6c]
V  [jvm.dll+0x827c94]
V  [jvm.dll+0x828262]
V  [jvm.dll+0x47b0db]
C  [java.dll+0x1a2d]

Java frames: (J=compiled Java code, j=interpreted, Vv=VM code)
j  java.lang.ClassLoader.findBootstrapClass(Ljava/lang/String;)Ljava/lang/Class;+0 java.base@21.0.8
j  java.lang.ClassLoader.findBootstrapClassOrNull(Ljava/lang/String;)Ljava/lang/Class;+10 java.base@21.0.8
j  java.lang.System$2.findBootstrapClassOrNull(Ljava/lang/String;)Ljava/lang/Class;+1 java.base@21.0.8
j  jdk.internal.loader.ClassLoaders$BootClassLoader.loadClassOrNull(Ljava/lang/String;Z)Ljava/lang/Class;+4 java.base@21.0.8
j  jdk.internal.loader.BuiltinClassLoader.loadClassOrNull(Ljava/lang/String;)Ljava/lang/Class;+3 java.base@21.0.8
j  jdk.internal.loader.BuiltinClassLoader.loadClassOrNull(Ljava/lang/String;Z)Ljava/lang/Class;+66 java.base@21.0.8
j  jdk.internal.loader.BuiltinClassLoader.loadClass(Ljava/lang/String;Z)Ljava/lang/Class;+3 java.base@21.0.8
j  jdk.internal.loader.ClassLoaders$AppClassLoader.loadClass(Ljava/lang/String;Z)Ljava/lang/Class;+36 java.base@21.0.8
j  java.lang.ClassLoader.loadClass(Ljava/lang/String;)Ljava/lang/Class;+3 java.base@21.0.8
v  ~StubRoutines::call_stub 0x000002696958100d

---------------  P R O C E S S  ---------------

Threads class SMR info:
_java_thread_list=0x00000269771815b0, length=10, elements={
0x000002695ee5abe0, 0x000002695ef1d310, 0x000002695ef1e1b0, 0x000002695eddee60,
0x000002695eddfab0, 0x000002695ede4f10, 0x000002695edea6b0, 0x000002695edf0580,
0x000002695edf10c0, 0x000002695eec6330
}

Java Threads: ( => current thread )
=>0x000002695ee5abe0 JavaThread "main"                              [_thread_in_vm, id=26912, stack(0x000000d25a000000,0x000000d25a100000) (1024K)]
  0x000002695ef1d310 JavaThread "Reference Handler"          daemon [_thread_blocked, id=48996, stack(0x000000d25a400000,0x000000d25a500000) (1024K)]
  0x000002695ef1e1b0 JavaThread "Finalizer"                  daemon [_thread_blocked, id=49508, stack(0x000000d25a500000,0x000000d25a600000) (1024K)]
  0x000002695eddee60 JavaThread "Signal Dispatcher"          daemon [_thread_blocked, id=47720, stack(0x000000d25a600000,0x000000d25a700000) (1024K)]
  0x000002695eddfab0 JavaThread "Attach Listener"            daemon [_thread_blocked, id=51552, stack(0x000000d25a700000,0x000000d25a800000) (1024K)]
  0x000002695ede4f10 JavaThread "Service Thread"             daemon [_thread_blocked, id=51460, stack(0x000000d25a800000,0x000000d25a900000) (1024K)]
  0x000002695edea6b0 JavaThread "Monitor Deflation Thread"   daemon [_thread_blocked, id=51260, stack(0x000000d25a900000,0x000000d25aa00000) (1024K)]
  0x000002695edf0580 JavaThread "C2 CompilerThread0"         daemon [_thread_blocked, id=50256, stack(0x000000d25aa00000,0x000000d25ab00000) (1024K)]
  0x000002695edf10c0 JavaThread "C1 CompilerThread0"         daemon [_thread_blocked, id=49820, stack(0x000000d25ab00000,0x000000d25ac00000) (1024K)]
  0x000002695eec6330 JavaThread "Common-Cleaner"             daemon [_thread_blocked, id=47400, stack(0x000000d25ac00000,0x000000d25ad00000) (1024K)]
Total: 10

Other Threads:
  0x000002695ef00ac0 VMThread "VM Thread"                           [id=49832, stack(0x000000d25a300000,0x000000d25a400000) (1024K)]
  0x000002695ececa00 WatcherThread "VM Periodic Task Thread"        [id=48224, stack(0x000000d25a200000,0x000000d25a300000) (1024K)]
  0x000002695ee79730 WorkerThread "GC Thread#0"                     [id=51684, stack(0x000000d25a100000,0x000000d25a200000) (1024K)]
Total: 3

Threads with active compile tasks:
Total: 0

VM state: not at safepoint (normal execution)

VM Mutex/Monitor currently owned by a thread:  ([mutex/lock_event])
[0x00007ff810763458] Metaspace_lock - owner thread: 0x000002695ee5abe0

Heap address: 0x0000000080000000, size: 2048 MB, Compressed Oops mode: 32-bit

CDS archive(s) mapped at: [0x0000026900000000-0x0000026900ba0000-0x0000026900ba0000), size 12189696, SharedBaseAddress: 0x0000026900000000, ArchiveRelocationMode: 1.
Compressed class space mapped at: 0x0000026901000000-0x0000026941000000, reserved size: 1073741824
Narrow klass base: 0x0000026900000000, Narrow klass shift: 0, Narrow klass range: 0x100000000

GC Precious Log:
 CardTable entry size: 512
 CPUs: 8 total, 8 available
 Memory: 5877M
 Large Page Support: Disabled
 NUMA Support: Disabled
 Compressed Oops: Enabled (32-bit)
 Alignments: Space 512K, Generation 512K, Heap 2M
 Heap Min Capacity: 100M
 Heap Initial Capacity: 100M
 Heap Max Capacity: 2G
 Pre-touch: Disabled
 Parallel Workers: 8

Heap:
 PSYoungGen      total 29696K, used 3584K [0x00000000d5580000, 0x00000000d7680000, 0x0000000100000000)
  eden space 25600K, 14% used [0x00000000d5580000,0x00000000d5900230,0x00000000d6e80000)
  from space 4096K, 0% used [0x00000000d7280000,0x00000000d7280000,0x00000000d7680000)
  to   space 4096K, 0% used [0x00000000d6e80000,0x00000000d6e80000,0x00000000d7280000)
 ParOldGen       total 68608K, used 0K [0x0000000080000000, 0x0000000084300000, 0x00000000d5580000)
  object space 68608K, 0% used [0x0000000080000000,0x0000000080000000,0x0000000084300000)
 Metaspace       used 271K, committed 448K, reserved 1114112K
  class space    used 12K, committed 128K, reserved 1048576K

Card table byte_map: [0x000002695e800000,0x000002695ec10000] _byte_map_base: 0x000002695e400000

Marking Bits: (ParMarkBitMap*) 0x00007ff81076a340
 Begin Bits: [0x0000026971300000, 0x0000026973300000)
 End Bits:   [0x0000026973300000, 0x0000026975300000)

Polling page: 0x000002695e410000

Metaspace:

Usage:
  Non-class:    259.31 KB used.
      Class:     12.21 KB used.
       Both:    271.52 KB used.

Virtual space:
  Non-class space:       64.00 MB reserved,     320.00 KB ( <1%) committed,  1 nodes.
      Class space:        1.00 GB reserved,     128.00 KB ( <1%) committed,  1 nodes.
             Both:        1.06 GB reserved,     448.00 KB ( <1%) committed. 

Chunk freelists:
   Non-Class:  11.99 MB
       Class:  15.75 MB
        Both:  27.74 MB

MaxMetaspaceSize: unlimited
CompressedClassSpaceSize: 1.00 GB
Initial GC threshold: 21.00 MB
Current GC threshold: 21.00 MB
CDS: on
 - commit_granule_bytes: 65536.
 - commit_granule_words: 8192.
 - virtual_space_node_default_size: 8388608.
 - enlarge_chunks_in_place: 1.
 - use_allocation_guard: 0.


Internal statistics:

num_allocs_failed_limit: 0.
num_arena_births: 8.
num_arena_deaths: 0.
num_vsnodes_births: 2.
num_vsnodes_deaths: 0.
num_space_committed: 7.
num_space_uncommitted: 0.
num_chunks_returned_to_freelist: 0.
num_chunks_taken_from_freelist: 9.
num_chunk_merges: 0.
num_chunk_splits: 6.
num_chunks_enlarged: 3.
num_inconsistent_stats: 0.

CodeHeap 'non-profiled nmethods': size=120000Kb used=67Kb max_used=67Kb free=119932Kb
 bounds [0x0000026969b20000, 0x0000026969d90000, 0x0000026971050000]
CodeHeap 'profiled nmethods': size=120000Kb used=214Kb max_used=214Kb free=119785Kb
 bounds [0x0000026962050000, 0x00000269622c0000, 0x0000026969580000]
CodeHeap 'non-nmethods': size=5760Kb used=1120Kb max_used=1135Kb free=4639Kb
 bounds [0x0000026969580000, 0x00000269697f0000, 0x0000026969b20000]
CodeCache: size=245760Kb, used=1401Kb, max_used=1416Kb, free=244356Kb
 total_blobs=559, nmethods=200, adapters=266, full_count=0
Compilation: enabled, stopped_count=0, restarted_count=0

Compilation events (20 events):
Event: 0.135 Thread 0x000002695edf10c0 nmethod 196 0x0000026962082190 code [0x0000026962082400, 0x0000026962082e80]
Event: 0.135 Thread 0x000002695edf10c0  197       3       jdk.internal.org.objectweb.asm.Symbol::<init> (38 bytes)
Event: 0.135 Thread 0x000002695edf10c0 nmethod 197 0x0000026962083390 code [0x0000026962083540, 0x0000026962083700]
Event: 0.135 Thread 0x000002695edf10c0  198       3       jdk.internal.org.objectweb.asm.SymbolTable::put (150 bytes)
Event: 0.136 Thread 0x000002695edf10c0 nmethod 198 0x0000026962083810 code [0x0000026962083a00, 0x0000026962084110]
Event: 0.136 Thread 0x000002695edf10c0  201       3       java.lang.StringLatin1::indexOfChar (33 bytes)
Event: 0.137 Thread 0x000002695edf10c0 nmethod 201 0x0000026962084410 code [0x00000269620845c0, 0x00000269620847e0]
Event: 0.137 Thread 0x000002695edf10c0  199       3       java.lang.String::indexOf (37 bytes)
Event: 0.138 Thread 0x000002695edf10c0 nmethod 199 0x0000026962084910 code [0x0000026962084b20, 0x0000026962084fa0]
Event: 0.138 Thread 0x000002695edf10c0  200       3       java.lang.StringLatin1::indexOf (37 bytes)
Event: 0.138 Thread 0x000002695edf10c0 nmethod 200 0x0000026962085190 code [0x0000026962085380, 0x0000026962085878]
Event: 0.139 Thread 0x000002695edf0580 nmethod 155 0x0000026969b2eb90 code [0x0000026969b2edc0, 0x0000026969b2f780]
Event: 0.139 Thread 0x000002695edf0580  158       4       java.lang.StringLatin1::equals (36 bytes)
Event: 0.142 Thread 0x000002695edf0580 nmethod 158 0x0000026969b2fe10 code [0x0000026969b2ffa0, 0x0000026969b30140]
Event: 0.142 Thread 0x000002695edf0580  146       4       java.lang.module.ModuleDescriptor$Exports::isQualified (18 bytes)
Event: 0.143 Thread 0x000002695edf0580 nmethod 146 0x0000026969b30210 code [0x0000026969b303a0, 0x0000026969b30480]
Event: 0.143 Thread 0x000002695edf0580  153       4       java.lang.String::equals (56 bytes)
Event: 0.145 Thread 0x000002695edf0580 nmethod 153 0x0000026969b30590 code [0x0000026969b30720, 0x0000026969b30908]
Event: 0.145 Thread 0x000002695edf0580  164       4       java.util.concurrent.ConcurrentHashMap::spread (10 bytes)
Event: 0.145 Thread 0x000002695edf0580 nmethod 164 0x0000026969b30a10 code [0x0000026969b30b80, 0x0000026969b30bf8]

GC Heap History (0 events):
No events

Dll operation events (2 events):
Event: 0.035 Loaded shared library c:\Users\Lenovo\.vscode\extensions\redhat.java-1.47.0-win32-x64\jre\21.0.8-win32-x86_64\bin\java.dll
Event: 0.113 Loaded shared library c:\Users\Lenovo\.vscode\extensions\redhat.java-1.47.0-win32-x64\jre\21.0.8-win32-x86_64\bin\zip.dll

Deoptimization events (0 events):
No events

Classes loaded (11 events):
Event: 0.112 Loading class jdk/internal/module/ModuleReferenceImpl$CachedHash
Event: 0.113 Loading class jdk/internal/module/ModuleReferenceImpl$CachedHash done
Event: 0.136 Loading class java/lang/WeakPairMap$Pair$Weak
Event: 0.136 Loading class java/lang/WeakPairMap$WeakRefPeer
Event: 0.136 Loading class java/lang/WeakPairMap$WeakRefPeer done
Event: 0.136 Loading class java/lang/WeakPairMap$Pair$Weak done
Event: 0.136 Loading class java/lang/WeakPairMap$Pair$Weak$1
Event: 0.136 Loading class java/lang/WeakPairMap$Pair$Weak$1 done
Event: 0.325 Loading class sun/instrument/InstrumentationImpl
Event: 0.325 Loading class java/lang/instrument/Instrumentation
Event: 0.325 Loading class java/lang/instrument/Instrumentation done

Classes unloaded (0 events):
No events

Classes redefined (0 events):
No events

Internal exceptions (1 events):
Event: 0.107 Thread 0x000002695ee5abe0 Exception <a 'java/lang/NoSuchMethodError'{0x00000000d57aa038}: 'void java.lang.invoke.DirectMethodHandle$Holder.invokeStatic(java.lang.Object, java.lang.Object, java.lang.Object)'> (0x00000000d57aa038) 
thrown [s\src\hotspot\share\interpreter\linkResolver.cpp, line 773]

ZGC Phase Switch (0 events):
No events

VM Operations (2 events):
Event: 0.111 Executing VM operation: HandshakeAllThreads (Deoptimize)
Event: 0.111 Executing VM operation: HandshakeAllThreads (Deoptimize) done

Memory protections (0 events):
No events

Nmethod flushes (0 events):
No events

Events (10 events):
Event: 0.051 Thread 0x000002695ee5abe0 Thread added: 0x000002695ee5abe0
Event: 0.067 Thread 0x000002695ee5abe0 Thread added: 0x000002695ef1d310
Event: 0.068 Thread 0x000002695ee5abe0 Thread added: 0x000002695ef1e1b0
Event: 0.068 Thread 0x000002695ee5abe0 Thread added: 0x000002695eddee60
Event: 0.068 Thread 0x000002695ee5abe0 Thread added: 0x000002695eddfab0
Event: 0.068 Thread 0x000002695ee5abe0 Thread added: 0x000002695ede4f10
Event: 0.068 Thread 0x000002695ee5abe0 Thread added: 0x000002695edea6b0
Event: 0.068 Thread 0x000002695ee5abe0 Thread added: 0x000002695edf0580
Event: 0.068 Thread 0x000002695ee5abe0 Thread added: 0x000002695edf10c0
Event: 0.091 Thread 0x000002695ee5abe0 Thread added: 0x000002695eec6330


Dynamic libraries:
0x00007ff75f420000 - 0x00007ff75f42e000 	c:\Users\Lenovo\.vscode\extensions\redhat.java-1.47.0-win32-x64\jre\21.0.8-win32-x86_64\bin\java.exe
0x00007ff887080000 - 0x00007ff8872e8000 	C:\WINDOWS\SYSTEM32\ntdll.dll
0x00007ff8859d0000 - 0x00007ff885a99000 	C:\WINDOWS\System32\KERNEL32.DLL
0x00007ff884900000 - 0x00007ff884cf2000 	C:\WINDOWS\System32\KERNELBASE.dll
0x00007ff884d00000 - 0x00007ff884e4b000 	C:\WINDOWS\System32\ucrtbase.dll
0x00007ff871d00000 - 0x00007ff871d18000 	c:\Users\Lenovo\.vscode\extensions\redhat.java-1.47.0-win32-x64\jre\21.0.8-win32-x86_64\bin\jli.dll
0x00007ff871900000 - 0x00007ff87191e000 	c:\Users\Lenovo\.vscode\extensions\redhat.java-1.47.0-win32-x64\jre\21.0.8-win32-x86_64\bin\VCRUNTIME140.dll
0x00007ff886e70000 - 0x00007ff887035000 	C:\WINDOWS\System32\USER32.dll
0x00007ff86c7e0000 - 0x00007ff86ca73000 	C:\WINDOWS\WinSxS\amd64_microsoft.windows.common-controls_6595b64144ccf1df_6.0.26100.6899_none_3e0efeeae32e88c1\COMCTL32.dll
0x00007ff884830000 - 0x00007ff884857000 	C:\WINDOWS\System32\win32u.dll
0x00007ff886a40000 - 0x00007ff886ae9000 	C:\WINDOWS\System32\msvcrt.dll
0x00007ff885460000 - 0x00007ff88548b000 	C:\WINDOWS\System32\GDI32.dll
0x00007ff884440000 - 0x00007ff88456d000 	C:\WINDOWS\System32\gdi32full.dll
0x00007ff884780000 - 0x00007ff884823000 	C:\WINDOWS\System32\msvcp_win.dll
0x00007ff886710000 - 0x00007ff88673f000 	C:\WINDOWS\System32\IMM32.DLL
0x00007ff876340000 - 0x00007ff87634c000 	c:\Users\Lenovo\.vscode\extensions\redhat.java-1.47.0-win32-x64\jre\21.0.8-win32-x86_64\bin\vcruntime140_1.dll
0x00007ff8716b0000 - 0x00007ff87173d000 	c:\Users\Lenovo\.vscode\extensions\redhat.java-1.47.0-win32-x64\jre\21.0.8-win32-x86_64\bin\msvcp140.dll
0x00007ff80fab0000 - 0x00007ff810847000 	c:\Users\Lenovo\.vscode\extensions\redhat.java-1.47.0-win32-x64\jre\21.0.8-win32-x86_64\bin\server\jvm.dll
0x00007ff8854a0000 - 0x00007ff885554000 	C:\WINDOWS\System32\ADVAPI32.dll
0x00007ff8862d0000 - 0x00007ff886376000 	C:\WINDOWS\System32\sechost.dll
0x00007ff886380000 - 0x00007ff886498000 	C:\WINDOWS\System32\RPCRT4.dll
0x00007ff886df0000 - 0x00007ff886e64000 	C:\WINDOWS\System32\WS2_32.dll
0x00007ff884070000 - 0x00007ff8840ce000 	C:\WINDOWS\SYSTEM32\POWRPROF.dll
0x00007ff8794f0000 - 0x00007ff8794fb000 	C:\WINDOWS\SYSTEM32\VERSION.dll
0x00007ff879700000 - 0x00007ff879735000 	C:\WINDOWS\SYSTEM32\WINMM.dll
0x00007ff884050000 - 0x00007ff884064000 	C:\WINDOWS\SYSTEM32\UMPDC.dll
0x00007ff882fa0000 - 0x00007ff882fbb000 	C:\WINDOWS\SYSTEM32\kernel.appcore.dll
0x00007ff875100000 - 0x00007ff87510a000 	c:\Users\Lenovo\.vscode\extensions\redhat.java-1.47.0-win32-x64\jre\21.0.8-win32-x86_64\bin\jimage.dll
0x00007ff8788e0000 - 0x00007ff878b22000 	C:\WINDOWS\SYSTEM32\DBGHELP.DLL
0x00007ff885570000 - 0x00007ff8858eb000 	C:\WINDOWS\System32\combase.dll
0x00007ff885aa0000 - 0x00007ff885b77000 	C:\WINDOWS\System32\OLEAUT32.dll
0x00007ff8726d0000 - 0x00007ff87270c000 	C:\WINDOWS\SYSTEM32\dbgcore.DLL
0x00007ff884860000 - 0x00007ff8848f8000 	C:\WINDOWS\System32\bcryptPrimitives.dll
0x00007ff8751a0000 - 0x00007ff8751af000 	c:\Users\Lenovo\.vscode\extensions\redhat.java-1.47.0-win32-x64\jre\21.0.8-win32-x86_64\bin\instrument.dll
0x00007ff8718e0000 - 0x00007ff8718ff000 	c:\Users\Lenovo\.vscode\extensions\redhat.java-1.47.0-win32-x64\jre\21.0.8-win32-x86_64\bin\java.dll
0x00007ff885b80000 - 0x00007ff8862cd000 	C:\WINDOWS\System32\SHELL32.dll
0x00007ff884210000 - 0x00007ff88437b000 	C:\WINDOWS\System32\wintypes.dll
0x00007ff881e20000 - 0x00007ff88267d000 	C:\WINDOWS\SYSTEM32\windows.storage.dll
0x00007ff886560000 - 0x00007ff886652000 	C:\WINDOWS\System32\SHCORE.dll
0x00007ff8858f0000 - 0x00007ff885952000 	C:\WINDOWS\System32\shlwapi.dll
0x00007ff884130000 - 0x00007ff884159000 	C:\WINDOWS\SYSTEM32\profapi.dll
0x00007ff8718c0000 - 0x00007ff8718d8000 	c:\Users\Lenovo\.vscode\extensions\redhat.java-1.47.0-win32-x64\jre\21.0.8-win32-x86_64\bin\zip.dll

JVMTI agents:
c:\Users\Lenovo\.vscode\extensions\redhat.java-1.47.0-win32-x64\lombok\lombok-1.18.39-4050.jar path:c:\Users\Lenovo\.vscode\extensions\redhat.java-1.47.0-win32-x64\jre\21.0.8-win32-x86_64\bin\instrument.dll, loaded, initialized, instrumentlib options:none

dbghelp: loaded successfully - version: 4.0.5 - missing functions: none
symbol engine: initialized successfully - sym options: 0x614 - pdb path: .;c:\Users\Lenovo\.vscode\extensions\redhat.java-1.47.0-win32-x64\jre\21.0.8-win32-x86_64\bin;C:\WINDOWS\SYSTEM32;C:\WINDOWS\WinSxS\amd64_microsoft.windows.common-controls_6595b64144ccf1df_6.0.26100.6899_none_3e0efeeae32e88c1;c:\Users\Lenovo\.vscode\extensions\redhat.java-1.47.0-win32-x64\jre\21.0.8-win32-x86_64\bin\server

VM Arguments:
jvm_args: --add-modules=ALL-SYSTEM --add-opens=java.base/java.util=ALL-UNNAMED --add-opens=java.base/java.lang=ALL-UNNAMED --add-opens=java.base/sun.nio.fs=ALL-UNNAMED -Declipse.application=org.eclipse.jdt.ls.core.id1 -Dosgi.bundles.defaultStartLevel=4 -Declipse.product=org.eclipse.jdt.ls.core.product -Djava.import.generatesMetadataFilesAtProjectRoot=false -DDetectVMInstallationsJob.disabled=true -Dfile.encoding=utf8 -XX:+UseParallelGC -XX:GCTimeRatio=4 -XX:AdaptiveSizePolicyWeight=90 -Dsun.zip.disableMemoryMapping=true -Xmx2G -Xms100m -Xlog:disable -javaagent:c:\Users\Lenovo\.vscode\extensions\redhat.java-1.47.0-win32-x64\lombok\lombok-1.18.39-4050.jar 
java_command: c:\Users\Lenovo\.vscode\extensions\redhat.java-1.47.0-win32-x64\server\plugins\org.eclipse.equinox.launcher_1.7.100.v20251014-1222.jar -configuration c:\Users\Lenovo\AppData\Roaming\Code\User\globalStorage\redhat.java\1.47.0\config_ss_win -data c:\Users\Lenovo\AppData\Roaming\Code\User\workspaceStorage\1769b8ac73e065bd708e8bd3034951c2\redhat.java\ss_ws --pipe=\\.\pipe\lsp-a8d54deedfaf3119e058b6e40299e3ae-sock
java_class_path (initial): c:\Users\Lenovo\.vscode\extensions\redhat.java-1.47.0-win32-x64\server\plugins\org.eclipse.equinox.launcher_1.7.100.v20251014-1222.jar
Launcher Type: SUN_STANDARD

[Global flags]
    uintx AdaptiveSizePolicyWeight                 = 90                                        {product} {command line}
     intx CICompilerCount                          = 4                                         {product} {ergonomic}
    uintx GCTimeRatio                              = 4                                         {product} {command line}
   size_t InitialHeapSize                          = 104857600                                 {product} {command line}
   size_t MaxHeapSize                              = 2147483648                                {product} {command line}
   size_t MaxNewSize                               = 715653120                                 {product} {ergonomic}
   size_t MinHeapDeltaBytes                        = 524288                                    {product} {ergonomic}
   size_t MinHeapSize                              = 104857600                                 {product} {command line}
   size_t NewSize                                  = 34603008                                  {product} {ergonomic}
    uintx NonNMethodCodeHeapSize                   = 5839372                                {pd product} {ergonomic}
    uintx NonProfiledCodeHeapSize                  = 122909434                              {pd product} {ergonomic}
   size_t OldSize                                  = 70254592                                  {product} {ergonomic}
    uintx ProfiledCodeHeapSize                     = 122909434                              {pd product} {ergonomic}
    uintx ReservedCodeCacheSize                    = 251658240                              {pd product} {ergonomic}
     bool SegmentedCodeCache                       = true                                      {product} {ergonomic}
   size_t SoftMaxHeapSize                          = 2147483648                             {manageable} {ergonomic}
     bool UseCompressedOops                        = true                           {product lp64_product} {ergonomic}
     bool UseLargePagesIndividualAllocation        = false                                  {pd product} {ergonomic}
     bool UseParallelGC                            = true                                      {product} {command line}

Logging:
Log output configuration:
 #0: stdout all=off uptime,level,tags foldmultilines=false
 #1: stderr all=off uptime,level,tags foldmultilines=false

Environment Variables:
PATH=C:\Program Files\Common Files\Oracle\Java\javapath;C:\Program Files (x86)\Common Files\Oracle\Java\java8path;C:\Program Files (x86)\Common Files\Oracle\Java\javapath;C:\Program Files (x86)\Common Files\Intel\Shared Libraries\redist\intel64\compiler;C:\WINDOWS\system32;C:\WINDOWS;C:\WINDOWS\System32\Wbem;C:\WINDOWS\System32\WindowsPowerShell\v1.0\;C:\WINDOWS\System32\OpenSSH\;C:\Program Files\dotnet\;C:\Program Files\Docker\Docker\resources\bin;C:\Program Files\Git\cmd;C:\Users\Lenovo\AppData\Local\Microsoft\WindowsApps;C:\Users\Lenovo\AppData\Local\Programs\Microsoft VS Code\bin;C:\Users\Lenovo\Downloads\flutter_windows_3.35.5-stable\flutter\bin;
USERNAME=Lenovo
OS=Windows_NT
PROCESSOR_IDENTIFIER=AMD64 Family 23 Model 160 Stepping 0, AuthenticAMD
TMP=C:\Users\Lenovo\AppData\Local\Temp
TEMP=C:\Users\Lenovo\AppData\Local\Temp




Periodic native trim disabled

---------------  S Y S T E M  ---------------

OS:
 Windows 11 , 64 bit Build 26100 (10.0.26100.6725)
OS uptime: 0 days 5:34 hours
Hyper-V role detected

CPU: total 8 (initial active 8) (8 cores per cpu, 2 threads per core) family 23 model 160 stepping 0 microcode 0x8a00006, cx8, cmov, fxsr, ht, mmx, 3dnowpref, sse, sse2, sse3, ssse3, sse4a, sse4.1, sse4.2, popcnt, lzcnt, tsc, tscinvbit, avx, avx2, aes, clmul, bmi1, bmi2, adx, sha, fma, vzeroupper, clflush, clflushopt, hv, rdtscp, rdpid, f16c
Processor Information for the first 8 processors :
  Max Mhz: 2801, Current Mhz: 2801, Mhz Limit: 2801

Memory: 4k page, system-wide physical 5877M (300M free)
TotalPageFile size 17726M (AvailPageFile size 0M)
current process WorkingSet (physical memory assigned to process): 38M, peak: 38M
current process commit charge ("private bytes"): 222M, peak: 222M

vm_info: OpenJDK 64-Bit Server VM (21.0.8+9-LTS) for windows-amd64 JRE (21.0.8+9-LTS), built on 2025-07-15T00:00:00Z by "admin" with MS VC++ 17.7 (VS2022)

END.
